 gh0st

 Timestamp is 5629b0ea (Fri Oct 23 12:00:42 2015)

 Preferred load address is 00400000

 Start         Length     Name                   Class
 0001:00000000 0003df28H .text                   CODE
 0001:0003df28 00000f7cH .text$AFX_AUX           CODE
 0001:0003eea4 000010efH .text$AFX_CMNCTL        CODE
 0001:0003ff93 00000684H .text$AFX_COL1          CODE
 0001:00040617 000004c7H .text$AFX_COL2          CODE
 0001:00040ade 00007303H .text$AFX_CORE1         CODE
 0001:00047de1 00004564H .text$AFX_CORE2         CODE
 0001:0004c345 0000522bH .text$AFX_CORE3         CODE
 0001:00051570 00002f2cH .text$AFX_CORE4         CODE
 0001:0005449c 000038f7H .text$AFX_INIT          CODE
 0001:00057d93 00000290H .text$AFX_OLE1          CODE
 0001:00058023 0000018cH .text$AFX_OLE2          CODE
 0001:000581af 0000035dH .text$AFX_OLE3          CODE
 0001:0005850c 0000035aH .text$AFX_OLE4          CODE
 0001:00058866 00000e7eH .text$AFX_OLE5          CODE
 0001:000596e4 00000266H .text$AFX_TERM          CODE
 0001:00059950 000041e2H .text$x                 CODE
 0002:00000000 00000898H .idata$5                DATA
 0002:00000898 00008f30H .rdata                  DATA
 0002:000097c8 000020fcH .rdata$r                DATA
 0002:0000b8c8 00006618H .xdata$x                DATA
 0002:00011ee0 00000168H .idata$2                DATA
 0002:00012048 00000014H .idata$3                DATA
 0002:0001205c 00000898H .idata$4                DATA
 0002:000128f4 00002268H .idata$6                DATA
 0002:00014b5c 00000000H .edata                  DATA
 0003:00000000 00000004H .CRT$XCA                DATA
 0003:00000004 0000002cH .CRT$XCC                DATA
 0003:00000030 00000014H .CRT$XCL                DATA
 0003:00000044 00000054H .CRT$XCU                DATA
 0003:00000098 00000004H .CRT$XCZ                DATA
 0003:0000009c 00000004H .CRT$XIA                DATA
 0003:000000a0 0000000cH .CRT$XIC                DATA
 0003:000000ac 00000004H .CRT$XIY                DATA
 0003:000000b0 00000004H .CRT$XIZ                DATA
 0003:000000b4 00000004H .CRT$XPA                DATA
 0003:000000b8 00000004H .CRT$XPX                DATA
 0003:000000bc 00000004H .CRT$XPZ                DATA
 0003:000000c0 00000004H .CRT$XTA                DATA
 0003:000000c4 00000004H .CRT$XTB                DATA
 0003:000000c8 00000004H .CRT$XTZ                DATA
 0003:000000d0 00006913H .data                   DATA
 0003:000069e8 00004500H .bss                    DATA
 0004:00000000 00001158H .rsrc$01                DATA
 0004:00001160 000186a0H .rsrc$02                DATA

  Address         Publics by Value              Rva+Base     Lib:Object

 0001:00000000       ??0CAudio@@QAE@XZ          00401000 f   Audio.obj
 0001:000000d0       ??_GCAudio@@UAEPAXI@Z      004010d0 f i Audio.obj
 0001:000000d0       ??_ECAudio@@UAEPAXI@Z      004010d0 f i Audio.obj
 0001:000000f0       ??1CAudio@@UAE@XZ          004010f0 f   Audio.obj
 0001:000001e0       ?getRecordBuffer@CAudio@@QAEPAEPAK@Z 004011e0 f   Audio.obj
 0001:00000240       ?playBuffer@CAudio@@QAE_NPAEK@Z 00401240 f   Audio.obj
 0001:000002c0       ?InitializeWaveIn@CAudio@@AAE_NXZ 004012c0 f   Audio.obj
 0001:00000390       ?InitializeWaveOut@CAudio@@AAE_NXZ 00401390 f   Audio.obj
 0001:00000430       ?waveInCallBack@CAudio@@CGKPAX@Z 00401430 f   Audio.obj
 0001:000004f0       ??0CAudioDlg@@QAE@PAVCWnd@@PAVCIOCPServer@@PAUClientContext@@@Z 004014f0 f   AudioDlg.obj
 0001:000005f0       ??_GCAudioDlg@@UAEPAXI@Z   004015f0 f i AudioDlg.obj
 0001:000005f0       ??_ECAudioDlg@@UAEPAXI@Z   004015f0 f i AudioDlg.obj
 0001:00000610       ??1CAudioDlg@@UAE@XZ       00401610 f i AudioDlg.obj
 0001:00000670       ?DoDataExchange@CAudioDlg@@MAEXPAVCDataExchange@@@Z 00401670 f   AudioDlg.obj
 0001:00000690       ?GetMessageMap@CAudioDlg@@MBEPBUAFX_MSGMAP@@XZ 00401690 f   AudioDlg.obj
 0001:000006a0       ?OnInitDialog@CAudioDlg@@MAEHXZ 004016a0 f   AudioDlg.obj
 0001:00000790       ?OnReceiveComplete@CAudioDlg@@QAEXXZ 00401790 f   AudioDlg.obj
 0001:00000860       ?OnReceive@CAudioDlg@@QAEXXZ 00401860 f   AudioDlg.obj
 0001:00000870       ?OnClose@CAudioDlg@@IAEXXZ 00401870 f   AudioDlg.obj
 0001:000008b0       ?OnSendLocalaudio@CAudioDlg@@IAEXXZ 004018b0 f   AudioDlg.obj
 0001:000008c0       ?WorkThread@CAudioDlg@@CGKPAX@Z 004018c0 f   AudioDlg.obj
 0001:00000930       ?DoDataExchange@CWnd@@MAEXPAVCDataExchange@@@Z 00401930 f i AudioDlg.obj
 0001:00000930       ?Serialize@CObject@@UAEXAAVCArchive@@@Z 00401930 f i AudioDlg.obj
 0001:00000940       ?BeginModalState@CWnd@@UAEXXZ 00401940 f i AudioDlg.obj
 0001:00000950       ?EndModalState@CWnd@@UAEXXZ 00401950 f i AudioDlg.obj
 0001:00000960       ??0CBmpToAvi@@QAE@XZ       00401960 f   BmpToAvi.obj
 0001:00000980       ??_GCBmpToAvi@@UAEPAXI@Z   00401980 f i BmpToAvi.obj
 0001:00000980       ??_ECBmpToAvi@@UAEPAXI@Z   00401980 f i BmpToAvi.obj
 0001:000009a0       ??1CBmpToAvi@@UAE@XZ       004019a0 f   BmpToAvi.obj
 0001:000009b0       ?Open@CBmpToAvi@@QAE_NPBDPAUtagBITMAPINFO@@@Z 004019b0 f   BmpToAvi.obj
 0001:00000a70       ?Write@CBmpToAvi@@QAE_NPAX@Z 00401a70 f   BmpToAvi.obj
 0001:00000ac0       ?Close@CBmpToAvi@@QAEXXZ   00401ac0 f   BmpToAvi.obj
 0001:00000af0       ??0CButtonST@@QAE@XZ       00401af0 f   BtnST.obj
 0001:00000c30       ??_GCButtonST@@UAEPAXI@Z   00401c30 f i BtnST.obj
 0001:00000c30       ??_ECButtonST@@UAEPAXI@Z   00401c30 f i BtnST.obj
 0001:00000c50       ??1CButtonST@@UAE@XZ       00401c50 f   BtnST.obj
 0001:00000d30       ?GetMessageMap@CButtonST@@MBEPBUAFX_MSGMAP@@XZ 00401d30 f   BtnST.obj
 0001:00000d40       ?FreeResources@CButtonST@@AAEXH@Z 00401d40 f   BtnST.obj
 0001:00000dd0       ?PreSubclassWindow@CButtonST@@MAEXXZ 00401dd0 f   BtnST.obj
 0001:00000e30       ?OnGetDlgCode@CButtonST@@IAEIXZ 00401e30 f   BtnST.obj
 0001:00000e50       ?PreTranslateMessage@CButtonST@@UAEHPAUtagMSG@@@Z 00401e50 f   BtnST.obj
 0001:00000e90       ?CtlColor@CButtonST@@IAEPAUHBRUSH__@@PAVCDC@@I@Z 00401e90 f   BtnST.obj
 0001:00000ea0       ?OnSysColorChange@CButtonST@@IAEXXZ 00401ea0 f   BtnST.obj
 0001:00000ed0       ?OnSetStyle@CButtonST@@AAEJIJ@Z 00401ed0 f   BtnST.obj
 0001:00000f10       ?OnSetCheck@CButtonST@@AAEJIJ@Z 00401f10 f   BtnST.obj
 0001:00000f40       ?OnGetCheck@CButtonST@@AAEJIJ@Z 00401f40 f   BtnST.obj
 0001:00000f50       ?OnEnable@CButtonST@@IAEXH@Z 00401f50 f   BtnST.obj
 0001:00000fc0       ?OnKillFocus@CButtonST@@IAEXPAVCWnd@@@Z 00401fc0 f   BtnST.obj
 0001:00000fe0       ?OnActivate@CButtonST@@IAEXIPAVCWnd@@H@Z 00401fe0 f   BtnST.obj
 0001:00001000       ?OnCancelMode@CButtonST@@IAEXXZ 00402000 f   BtnST.obj
 0001:00001020       ?OnSetCursor@CButtonST@@IAEHPAVCWnd@@II@Z 00402020 f   BtnST.obj
 0001:00001050       ?CancelHover@CButtonST@@AAEXXZ 00402050 f   BtnST.obj
 0001:00001080       ?OnMouseMove@CButtonST@@IAEXIVCPoint@@@Z 00402080 f   BtnST.obj
 0001:00001180       ?OnMouseLeave@CButtonST@@AAEJIJ@Z 00402180 f   BtnST.obj
 0001:00001190       ?OnClicked@CButtonST@@IAEHXZ 00402190 f   BtnST.obj
 0001:00001310       ?DrawItem@CButtonST@@UAEXPAUtagDRAWITEMSTRUCT@@@Z 00402310 f   BtnST.obj
 0001:00001520       ?PaintBk@CButtonST@@AAEXPAVCDC@@@Z 00402520 f   BtnST.obj
 0001:000016c0       ?PrepareImageRect@CButtonST@@AAEXHPAUtagRECT@@PAVCRect@@HKK1@Z 004026c0 f   BtnST.obj
 0001:00001800       ?DrawTheIcon@CButtonST@@EAEXPAVCDC@@HPAUtagRECT@@PAVCRect@@HH@Z 00402800 f   BtnST.obj
 0001:000018d0       ?DrawTheBitmap@CButtonST@@EAEXPAVCDC@@HPAUtagRECT@@PAVCRect@@HH@Z 004028d0 f   BtnST.obj
 0001:00001b40       ?DrawTheText@CButtonST@@EAEXPAVCDC@@PBDPAUtagRECT@@PAVCRect@@HH@Z 00402b40 f   BtnST.obj
 0001:00001cb0       ?SetPressedStyle@CButtonST@@QAEKEH@Z 00402cb0 f   BtnST.obj
 0001:00001d00       ?SetCheck@CButtonST@@QAEKHH@Z 00402d00 f   BtnST.obj
 0001:00001d40       ?GetCheck@CButtonST@@QAEHXZ 00402d40 f   BtnST.obj
 0001:00001d50       ?SetDefaultColors@CButtonST@@QAEKH@Z 00402d50 f   BtnST.obj
 0001:00001dc0       ?SetColor@CButtonST@@QAEKEKH@Z 00402dc0 f   BtnST.obj
 0001:00001e00       ?InitToolTip@CButtonST@@AAEXXZ 00402e00 f   BtnST.obj
 0001:00001e60       ?SetURL@CButtonST@@QAEKPBD@Z 00402e60 f   BtnST.obj
 0001:00001e90       ??1CObject@@UAE@XZ         00402e90 f i BtnST.obj
 0001:00001ea0       ?OnDrawBackground@CButtonST@@MAEKPAVCDC@@PAVCRect@@@Z 00402ea0 f   BtnST.obj
 0001:00001f90       ?OnDrawBorder@CButtonST@@MAEKPAVCDC@@PAVCRect@@@Z 00402f90 f   BtnST.obj
 0001:00002290       ??_ECGdiObject@@UAEPAXI@Z  00403290 f i BtnST.obj
 0001:00002290       ??_GCGdiObject@@UAEPAXI@Z  00403290 f i BtnST.obj
 0001:000022b0       ??1CGdiObject@@UAE@XZ      004032b0 f i BtnST.obj
 0001:000022f0       ??1CPen@@UAE@XZ            004032f0 f i BtnST.obj
 0001:00002330       ??_GCBitmap@@UAEPAXI@Z     00403330 f i BtnST.obj
 0001:00002330       ??_ECBitmap@@UAEPAXI@Z     00403330 f i BtnST.obj
 0001:00002350       ??1CBitmap@@UAE@XZ         00403350 f i BtnST.obj
 0001:00002390       ??_ECButton@@UAEPAXI@Z     00403390 f i BtnST.obj
 0001:00002390       ??_GCButton@@UAEPAXI@Z     00403390 f i BtnST.obj
 0001:000023b0       ??0CBuffer@@QAE@XZ         004033b0 f   Buffer.obj
 0001:000023d0       ??_ECBuffer@@UAEPAXI@Z     004033d0 f i Buffer.obj
 0001:000023d0       ??_GCBuffer@@UAEPAXI@Z     004033d0 f i Buffer.obj
 0001:000023f0       ??1CBuffer@@UAE@XZ         004033f0 f   Buffer.obj
 0001:00002410       ?Write@CBuffer@@QAEHPAEI@Z 00403410 f   Buffer.obj
 0001:00002460       ?Read@CBuffer@@QAEIPAEI@Z  00403460 f   Buffer.obj
 0001:000024f0       ?GetMemSize@CBuffer@@IAEIXZ 004034f0 f   Buffer.obj
 0001:00002500       ?GetBufferLen@CBuffer@@QAEIXZ 00403500 f   Buffer.obj
 0001:00002510       ?ReAllocateBuffer@CBuffer@@IAEII@Z 00403510 f   Buffer.obj
 0001:000025d0       ?DeAllocateBuffer@CBuffer@@IAEII@Z 004035d0 f   Buffer.obj
 0001:000026a0       ?ClearBuffer@CBuffer@@QAEXXZ 004036a0 f   Buffer.obj
 0001:000026c0       ?GetBuffer@CBuffer@@QAEPAEI@Z 004036c0 f   Buffer.obj
 0001:000026d0       ?Delete@CBuffer@@QAEII@Z   004036d0 f   Buffer.obj
 0001:00002740       ?CreateObject@CBuildView@@SGPAVCObject@@XZ 00403740 f   BuildView.obj
 0001:000027a0       ?GetRuntimeClass@CBuildView@@UBEPAUCRuntimeClass@@XZ 004037a0 f   BuildView.obj
 0001:000027b0       ??0CBuildView@@QAE@XZ      004037b0 f   BuildView.obj
 0001:00002920       ??_GCBuildView@@UAEPAXI@Z  00403920 f i BuildView.obj
 0001:00002920       ??_ECBuildView@@UAEPAXI@Z  00403920 f i BuildView.obj
 0001:00002940       ??1CFormView@@UAE@XZ       00403940 f i BuildView.obj
 0001:00002950       ??1CBuildView@@UAE@XZ      00403950 f   BuildView.obj
 0001:00002a20       ?DoDataExchange@CBuildView@@MAEXPAVCDataExchange@@@Z 00403a20 f   BuildView.obj
 0001:00002ab0       ?GetMessageMap@CBuildView@@MBEPBUAFX_MSGMAP@@XZ 00403ab0 f   BuildView.obj
 0001:00002ac0       ?OnBuild@CBuildView@@IAEXXZ 00403ac0 f   BuildView.obj
 0001:00003280       ??1CFileDialog@@UAE@XZ     00404280 f i BuildView.obj
 0001:000032d0       ?OnActivateView@CBuildView@@MAEXHPAVCView@@0@Z 004042d0 f   BuildView.obj
 0001:00003530       ?OnEnableHttp@CBuildView@@IAEXXZ 00404530 f   BuildView.obj
 0001:00003580       ??3CObject@@SGXPAX@Z       00404580 f i BuildView.obj
 0001:00003590       ?AfxGetApp@@YGPAVCWinApp@@XZ 00404590 f i BuildView.obj
 0001:000035a0       ??_ECComboBox@@UAEPAXI@Z   004045a0 f i BuildView.obj
 0001:000035a0       ??_GCComboBox@@UAEPAXI@Z   004045a0 f i BuildView.obj
 0001:000035c0       ??1CCommonDialog@@UAE@XZ   004045c0 f i BuildView.obj
 0001:000035c0       ??1CAboutDlg@@UAE@XZ       004045c0 f i BuildView.obj
 0001:000035d0       ??0CCpuUsage@@QAE@XZ       004045d0 f   CpuUsage.obj
 0001:000035f0       ??_GCCpuUsage@@UAEPAXI@Z   004045f0 f i CpuUsage.obj
 0001:000035f0       ??_ECCpuUsage@@UAEPAXI@Z   004045f0 f i CpuUsage.obj
 0001:00003610       ??1CCpuUsage@@UAE@XZ       00404610 f   CpuUsage.obj
 0001:00003630       ?Init@CCpuUsage@@QAEHXZ    00404630 f   CpuUsage.obj
 0001:00003680       ?GetUsage@CCpuUsage@@QAEHXZ 00404680 f   CpuUsage.obj
 0001:000036c0       ??0CCustomTabCtrlItem@@AAE@VCString@@J@Z 004046c0 f   CustomTabCtrl.obj
 0001:00003730       ?ComputeRgn@CCustomTabCtrlItem@@AAEXH@Z 00404730 f   CustomTabCtrl.obj
 0001:00003780       ?GetRegionPoints@CCustomTabCtrlItem@@ABEXABVCRect@@PAVCPoint@@H@Z 00404780 f   CustomTabCtrl.obj
 0001:00003c80       ?GetDrawPoints@CCustomTabCtrlItem@@ABEXABVCRect@@PAVCPoint@@H@Z 00404c80 f   CustomTabCtrl.obj
 0001:00003dc0       ?Draw@CCustomTabCtrlItem@@AAEXAAVCDC@@AAVCFont@@HH@Z 00404dc0 f   CustomTabCtrl.obj
 0001:00004100       ??0CCustomTabCtrl@@QAE@XZ  00405100 f   CustomTabCtrl.obj
 0001:00004220       ??_ECCustomTabCtrl@@UAEPAXI@Z 00405220 f i CustomTabCtrl.obj
 0001:00004220       ??_GCCustomTabCtrl@@UAEPAXI@Z 00405220 f i CustomTabCtrl.obj
 0001:00004240       ?RegisterWindowClass@CCustomTabCtrl@@AAEHXZ 00405240 f   CustomTabCtrl.obj
 0001:000042e0       ??1CCustomTabCtrl@@UAE@XZ  004052e0 f   CustomTabCtrl.obj
 0001:00004460       ?GetMessageMap@CCustomTabCtrl@@MBEPBUAFX_MSGMAP@@XZ 00405460 f   CustomTabCtrl.obj
 0001:00004470       ?Create@CCustomTabCtrl@@QAEHIABVCRect@@PAVCWnd@@I@Z 00405470 f   CustomTabCtrl.obj
 0001:000044a0       ?OnEraseBkgnd@CCustomTabCtrl@@IAEHPAVCDC@@@Z 004054a0 f   CustomTabCtrl.obj
 0001:000044b0       ?OnPaint@CCustomTabCtrl@@IAEXXZ 004054b0 f   CustomTabCtrl.obj
 0001:000055c0       ?OnSize@CCustomTabCtrl@@IAEXIHH@Z 004065c0 f   CustomTabCtrl.obj
 0001:000055f0       ?OnSizeParent@CCustomTabCtrl@@IAEJIJ@Z 004065f0 f   CustomTabCtrl.obj
 0001:00005740       ?OnLButtonDown@CCustomTabCtrl@@IAEXIVCPoint@@@Z 00406740 f   CustomTabCtrl.obj
 0001:00005780       ?OnLButtonDblClk@CCustomTabCtrl@@IAEXIVCPoint@@@Z 00406780 f   CustomTabCtrl.obj
 0001:000057f0       ?ProcessLButtonDown@CCustomTabCtrl@@AAEHHIVCPoint@@@Z 004067f0 f   CustomTabCtrl.obj
 0001:000059f0       ?NotifyParent@CCustomTabCtrl@@AAEHIHVCPoint@@@Z 004069f0 f   CustomTabCtrl.obj
 0001:00005af0       ?OnLButtonUp@CCustomTabCtrl@@IAEXIVCPoint@@@Z 00406af0 f   CustomTabCtrl.obj
 0001:00005bd0       ?OnMouseMove@CCustomTabCtrl@@IAEXIVCPoint@@@Z 00406bd0 f   CustomTabCtrl.obj
 0001:00005ed0       ?OnMouseLeave@CCustomTabCtrl@@IAEJIJ@Z 00406ed0 f   CustomTabCtrl.obj
 0001:00005f40       ?OnUpdateEdit@CCustomTabCtrl@@IAEXXZ 00406f40 f   CustomTabCtrl.obj
 0001:00005f90       ?OnThemeChanged@CCustomTabCtrl@@IAEJIJ@Z 00406f90 f   CustomTabCtrl.obj
 0001:00006720       ?OnTimer@CCustomTabCtrl@@IAEXI@Z 00407720 f   CustomTabCtrl.obj
 0001:000068e0       ?SetControlFont@CCustomTabCtrl@@QAEXABUtagLOGFONTA@@H@Z 004078e0 f   CustomTabCtrl.obj
 0001:000069b0       ?InsertItem@CCustomTabCtrl@@QAEHHVCString@@J@Z 004079b0 f   CustomTabCtrl.obj
 0001:00006cb0       ?MoveItem@CCustomTabCtrl@@AAEHHHH@Z 00407cb0 f   CustomTabCtrl.obj
 0001:00007080       ?CopyItem@CCustomTabCtrl@@AAEHHHH@Z 00408080 f   CustomTabCtrl.obj
 0001:000072f0       ?DeleteItem@CCustomTabCtrl@@QAEHH@Z 004082f0 f   CustomTabCtrl.obj
 0001:000074f0       ?DeleteAllItems@CCustomTabCtrl@@QAEXXZ 004084f0 f   CustomTabCtrl.obj
 0001:000075b0       ??1CCustomTabCtrlItem@@QAE@XZ 004085b0 f i CustomTabCtrl.obj
 0001:00007610       ?SetCurSel@CCustomTabCtrl@@QAEHH@Z 00408610 f   CustomTabCtrl.obj
 0001:00007630       ?SetItemTooltipText@CCustomTabCtrl@@QAEHHVCString@@@Z 00408630 f   CustomTabCtrl.obj
 0001:000077a0       ?GetItemData@CCustomTabCtrl@@QAEHHAAK@Z 004087a0 f   CustomTabCtrl.obj
 0001:000077d0       ?HitTest@CCustomTabCtrl@@QAEHVCPoint@@@Z 004087d0 f   CustomTabCtrl.obj
 0001:00007c60       ?HighlightItem@CCustomTabCtrl@@AAEHHHH@Z 00408c60 f   CustomTabCtrl.obj
 0001:00007d70       ?SetCurSel@CCustomTabCtrl@@AAEHHHH@Z 00408d70 f   CustomTabCtrl.obj
 0001:00007e10       ??0CGdiObject@@QAE@XZ      00408e10 f i CustomTabCtrl.obj
 0001:00007e20       ?RecalcLayout@CCustomTabCtrl@@AAEXHH@Z 00408e20 f   CustomTabCtrl.obj
 0001:00008bf0       ??1CBrush@@UAE@XZ          00409bf0 f i CustomTabCtrl.obj
 0001:00008c30       ??_GCFont@@UAEPAXI@Z       00409c30 f i CustomTabCtrl.obj
 0001:00008c30       ??_ECFont@@UAEPAXI@Z       00409c30 f i CustomTabCtrl.obj
 0001:00008c50       ??1CFont@@UAE@XZ           00409c50 f i CustomTabCtrl.obj
 0001:00008c90       ??_ECRgn@@UAEPAXI@Z        00409c90 f i CustomTabCtrl.obj
 0001:00008c90       ??_GCRgn@@UAEPAXI@Z        00409c90 f i CustomTabCtrl.obj
 0001:00008cb0       ??1CRgn@@UAE@XZ            00409cb0 f i CustomTabCtrl.obj
 0001:00008cf0       ?RecalcEditResized@CCustomTabCtrl@@AAEXHH@Z 00409cf0 f   CustomTabCtrl.obj
 0001:00008f00       ?RecalcOffset@CCustomTabCtrl@@AAEXH@Z 00409f00 f   CustomTabCtrl.obj
 0001:00009260       ?RecalcRectangles@CCustomTabCtrl@@AAEHXZ 0040a260 f   CustomTabCtrl.obj
 0001:000096a0       ?PreTranslateMessage@CCustomTabCtrl@@MAEHPAUtagMSG@@@Z 0040a6a0 f   CustomTabCtrl.obj
 0001:00009700       ?DrawBk@CCustomTabCtrl@@AAEXAAVCDC@@AAVCRect@@PAUHBITMAP__@@HAAU_MY_MARGINS@@H@Z 0040a700 f   CustomTabCtrl.obj
 0001:0000a050       ?DrawGlyph@CCustomTabCtrl@@AAEXAAVCDC@@AAVCPoint@@HH@Z 0040b050 f   CustomTabCtrl.obj
 0001:0000a2b0       ?ModifyStyle@CCustomTabCtrl@@QAEHKKI@Z 0040b2b0 f   CustomTabCtrl.obj
 0001:0000a370       ?PreSubclassWindow@CCustomTabCtrl@@MAEXXZ 0040b370 f   CustomTabCtrl.obj
 0001:0000a3b0       ?SetDragCursors@CCustomTabCtrl@@QAEXPAUHICON__@@0@Z 0040b3b0 f   CustomTabCtrl.obj
 0001:0000a400       ?OnRButtonDown@CCustomTabCtrl@@IAEXIVCPoint@@@Z 0040b400 f   CustomTabCtrl.obj
 0001:0000a430       ?OnRButtonDblClk@CCustomTabCtrl@@IAEXIVCPoint@@@Z 0040b430 f   CustomTabCtrl.obj
 0001:0000a460       ?EditLabel@CCustomTabCtrl@@AAEHHH@Z 0040b460 f   CustomTabCtrl.obj
 0001:0000a920       ??1?$CArray@PAVCCustomTabCtrlItem@@PAV1@@@UAE@XZ 0040b920 f i CustomTabCtrl.obj
 0001:0000a970       ?Serialize@?$CArray@PAVCCustomTabCtrlItem@@PAV1@@@UAEXAAVCArchive@@@Z 0040b970 f i CustomTabCtrl.obj
 0001:0000ab00       ??_G?$CArray@PAVCCustomTabCtrlItem@@PAV1@@@UAEPAXI@Z 0040bb00 f i CustomTabCtrl.obj
 0001:0000ab00       ??_E?$CArray@PAVCCustomTabCtrlItem@@PAV1@@@UAEPAXI@Z 0040bb00 f i CustomTabCtrl.obj
 0001:0000ab20       ?SetSize@?$CArray@PAVCCustomTabCtrlItem@@PAV1@@@QAEXHH@Z 0040bb20 f i CustomTabCtrl.obj
 0001:0000ac60       ??_ECEdit@@UAEPAXI@Z       0040bc60 f i CustomTabCtrl.obj
 0001:0000ac60       ??_GCEdit@@UAEPAXI@Z       0040bc60 f i CustomTabCtrl.obj
 0001:0000ac80       ??0CFileManagerDlg@@QAE@PAVCWnd@@PAVCIOCPServer@@PAUClientContext@@@Z 0040bc80 f   FileManagerDlg.obj
 0001:0000af90       ??_GCFileManagerDlg@@UAEPAXI@Z 0040bf90 f i FileManagerDlg.obj
 0001:0000af90       ??_ECFileManagerDlg@@UAEPAXI@Z 0040bf90 f i FileManagerDlg.obj
 0001:0000afb0       ??1CFileManagerDlg@@UAE@XZ 0040bfb0 f i FileManagerDlg.obj
 0001:0000b1a0       ?DoDataExchange@CFileManagerDlg@@MAEXPAVCDataExchange@@@Z 0040c1a0 f   FileManagerDlg.obj
 0001:0000b200       ?GetMessageMap@CFileManagerDlg@@MBEPBUAFX_MSGMAP@@XZ 0040c200 f   FileManagerDlg.obj
 0001:0000b210       ?GetIconIndex@@YAHPBDK@Z   0040c210 f   FileManagerDlg.obj
 0001:0000b260       ?OnInitDialog@CFileManagerDlg@@MAEHXZ 0040c260 f   FileManagerDlg.obj
 0001:0000b640       ?OnSize@CFileManagerDlg@@IAEXIHH@Z 0040c640 f   FileManagerDlg.obj
 0001:0000b7b0       ?FixedLocalDriveList@CFileManagerDlg@@QAEXXZ 0040c7b0 f   FileManagerDlg.obj
 0001:0000bad0       ?OnDblclkListLocal@CFileManagerDlg@@IAEXPAUtagNMHDR@@PAJ@Z 0040cad0 f   FileManagerDlg.obj
 0001:0000bb40       ?FixedLocalFileList@CFileManagerDlg@@QAEXVCString@@@Z 0040cb40 f   FileManagerDlg.obj
 0001:0000c0b0       ?DropItemOnList@CFileManagerDlg@@IAEXPAVCListCtrl@@0@Z 0040d0b0 f   FileManagerDlg.obj
 0001:0000c120       ?OnQueryDragIcon@CFileManagerDlg@@IAEPAUHICON__@@XZ 0040d120 f   FileManagerDlg.obj
 0001:0000c130       ?OnBegindragListLocal@CFileManagerDlg@@IAEXPAUtagNMHDR@@PAJ@Z 0040d130 f   FileManagerDlg.obj
 0001:0000c210       ?OnBegindragListRemote@CFileManagerDlg@@IAEXPAUtagNMHDR@@PAJ@Z 0040d210 f   FileManagerDlg.obj
 0001:0000c2f0       ?OnMouseMove@CFileManagerDlg@@IAEXIVCPoint@@@Z 0040d2f0 f   FileManagerDlg.obj
 0001:0000c480       ?OnLButtonUp@CFileManagerDlg@@IAEXIVCPoint@@@Z 0040d480 f   FileManagerDlg.obj
 0001:0000c510       ?PreTranslateMessage@CFileManagerDlg@@UAEHPAUtagMSG@@@Z 0040d510 f   FileManagerDlg.obj
 0001:0000c680       ?OnTimer@CFileManagerDlg@@IAEXI@Z 0040d680 f   FileManagerDlg.obj
 0001:0000c6b0       ?FixedRemoteDriveList@CFileManagerDlg@@QAEXXZ 0040d6b0 f   FileManagerDlg.obj
 0001:0000c9b0       ?OnClose@CFileManagerDlg@@IAEXXZ 0040d9b0 f   FileManagerDlg.obj
 0001:0000c9e0       ?GetParentDirectory@CFileManagerDlg@@QAE?AVCString@@V2@@Z 0040d9e0 f   FileManagerDlg.obj
 0001:0000cb40       ?OnReceiveComplete@CFileManagerDlg@@QAEXXZ 0040db40 f   FileManagerDlg.obj
 0001:0000cc30       ?GetRemoteFileList@CFileManagerDlg@@QAEXVCString@@@Z 0040dc30 f   FileManagerDlg.obj
 0001:0000ce70       ?OnDblclkListRemote@CFileManagerDlg@@IAEXPAUtagNMHDR@@PAJ@Z 0040de70 f   FileManagerDlg.obj
 0001:0000cee0       ?FixedRemoteFileList@CFileManagerDlg@@QAEXPAEK@Z 0040dee0 f   FileManagerDlg.obj
 0001:0000d270       ?ShowMessage@CFileManagerDlg@@QAAXPADZZ 0040e270 f   FileManagerDlg.obj
 0001:0000d2d0       ?OnLocalPrev@CFileManagerDlg@@IAEXXZ 0040e2d0 f   FileManagerDlg.obj
 0001:0000d2f0       ?OnRemotePrev@CFileManagerDlg@@IAEXXZ 0040e2f0 f   FileManagerDlg.obj
 0001:0000d310       ?OnLocalView@CFileManagerDlg@@IAEXXZ 0040e310 f   FileManagerDlg.obj
 0001:0000d310       ?OnLocalBigicon@CFileManagerDlg@@IAEXXZ 0040e310 f   FileManagerDlg.obj
 0001:0000d330       ?OnLocalList@CFileManagerDlg@@IAEXXZ 0040e330 f   FileManagerDlg.obj
 0001:0000d350       ?OnLocalReport@CFileManagerDlg@@IAEXXZ 0040e350 f   FileManagerDlg.obj
 0001:0000d370       ?OnLocalSmallicon@CFileManagerDlg@@IAEXXZ 0040e370 f   FileManagerDlg.obj
 0001:0000d390       ?OnRemoteList@CFileManagerDlg@@IAEXXZ 0040e390 f   FileManagerDlg.obj
 0001:0000d3b0       ?OnRemoteReport@CFileManagerDlg@@IAEXXZ 0040e3b0 f   FileManagerDlg.obj
 0001:0000d3d0       ?OnRemoteSmallicon@CFileManagerDlg@@IAEXXZ 0040e3d0 f   FileManagerDlg.obj
 0001:0000d3f0       ?OnRemoteView@CFileManagerDlg@@IAEXXZ 0040e3f0 f   FileManagerDlg.obj
 0001:0000d3f0       ?OnRemoteBigicon@CFileManagerDlg@@IAEXXZ 0040e3f0 f   FileManagerDlg.obj
 0001:0000d410       ?OnUpdateLocalNewfolder@CFileManagerDlg@@IAEXPAVCCmdUI@@@Z 0040e410 f   FileManagerDlg.obj
 0001:0000d410       ?OnUpdateLocalPrev@CFileManagerDlg@@IAEXPAVCCmdUI@@@Z 0040e410 f   FileManagerDlg.obj
 0001:0000d450       ?OnUpdateLocalDelete@CFileManagerDlg@@IAEXPAVCCmdUI@@@Z 0040e450 f   FileManagerDlg.obj
 0001:0000d4b0       ?OnUpdateLocalCopy@CFileManagerDlg@@IAEXPAVCCmdUI@@@Z 0040e4b0 f   FileManagerDlg.obj
 0001:0000d530       ?OnUpdateLocalStop@CFileManagerDlg@@IAEXPAVCCmdUI@@@Z 0040e530 f   FileManagerDlg.obj
 0001:0000d570       ?OnUpdateRemoteCopy@CFileManagerDlg@@IAEXPAVCCmdUI@@@Z 0040e570 f   FileManagerDlg.obj
 0001:0000d5f0       ?OnUpdateRemoteDelete@CFileManagerDlg@@IAEXPAVCCmdUI@@@Z 0040e5f0 f   FileManagerDlg.obj
 0001:0000d650       ?OnUpdateRemotePrev@CFileManagerDlg@@IAEXPAVCCmdUI@@@Z 0040e650 f   FileManagerDlg.obj
 0001:0000d650       ?OnUpdateRemoteNewfolder@CFileManagerDlg@@IAEXPAVCCmdUI@@@Z 0040e650 f   FileManagerDlg.obj
 0001:0000d690       ?OnUpdateRemoteStop@CFileManagerDlg@@IAEXPAVCCmdUI@@@Z 0040e690 f   FileManagerDlg.obj
 0001:0000d6d0       ?FixedUploadDirectory@CFileManagerDlg@@QAE_NPBD@Z 0040e6d0 f   FileManagerDlg.obj
 0001:0000d8d0       ?EnableControl@CFileManagerDlg@@AAEXH@Z 0040e8d0 f   FileManagerDlg.obj
 0001:0000d910       ?OnLocalCopy@CFileManagerDlg@@IAEXXZ 0040e910 f   FileManagerDlg.obj
 0001:0000db90       ?OnRemoteCopy@CFileManagerDlg@@IAEXXZ 0040eb90 f   FileManagerDlg.obj
 0001:0000ddc0       ?SendDownloadJob@CFileManagerDlg@@QAEHXZ 0040edc0 f   FileManagerDlg.obj
 0001:0000dec0       ?SendUploadJob@CFileManagerDlg@@QAEHXZ 0040eec0 f   FileManagerDlg.obj
 0001:0000e150       ?SendDeleteJob@CFileManagerDlg@@QAEHXZ 0040f150 f   FileManagerDlg.obj
 0001:0000e280       ?CreateLocalRecvFile@CFileManagerDlg@@QAEXXZ 0040f280 f   FileManagerDlg.obj
 0001:0000e6b0       ??1CFileTransferModeDlg@@UAE@XZ 0040f6b0 f i FileManagerDlg.obj
 0001:0000e700       ?WriteLocalRecvFile@CFileManagerDlg@@QAEXXZ 0040f700 f   FileManagerDlg.obj
 0001:0000e880       ?EndLocalRecvFile@CFileManagerDlg@@QAEXXZ 0040f880 f   FileManagerDlg.obj
 0001:0000e950       ?EndLocalUploadFile@CFileManagerDlg@@AAEXXZ 0040f950 f   FileManagerDlg.obj
 0001:0000ea20       ?EndRemoteDeleteFile@CFileManagerDlg@@QAEXXZ 0040fa20 f   FileManagerDlg.obj
 0001:0000ea90       ?SendException@CFileManagerDlg@@QAEXXZ 0040fa90 f   FileManagerDlg.obj
 0001:0000eac0       ?SendStop@CFileManagerDlg@@QAEXXZ 0040fac0 f   FileManagerDlg.obj
 0001:0000eaf0       ?ShowProgress@CFileManagerDlg@@QAEXXZ 0040faf0 f   FileManagerDlg.obj
 0001:0000ebe0       ?OnLocalDelete@CFileManagerDlg@@IAEXXZ 0040fbe0 f   FileManagerDlg.obj
 0001:0000ee00       ?OnRemoteDelete@CFileManagerDlg@@IAEXXZ 0040fe00 f   FileManagerDlg.obj
 0001:0000f0d0       ?OnLocalStop@CFileManagerDlg@@IAEXXZ 004100d0 f   FileManagerDlg.obj
 0001:0000f0d0       ?OnRemoteStop@CFileManagerDlg@@IAEXXZ 004100d0 f   FileManagerDlg.obj
 0001:0000f0e0       ?SendTransferMode@CFileManagerDlg@@AAEXXZ 004100e0 f   FileManagerDlg.obj
 0001:0000f200       ?SendFileData@CFileManagerDlg@@AAEXXZ 00410200 f   FileManagerDlg.obj
 0001:0000f330       ?DeleteDirectory@CFileManagerDlg@@AAE_NPBD@Z 00410330 f   FileManagerDlg.obj
 0001:0000f410       ?OnLocalNewfolder@CFileManagerDlg@@IAEXXZ 00410410 f   FileManagerDlg.obj
 0001:0000f5a0       ??1CInputDialog@@UAE@XZ    004105a0 f i FileManagerDlg.obj
 0001:0000f600       ?DoDataExchange@CInputDialog@@MAEXPAVCDataExchange@@@Z 00410600 f i FileManagerDlg.obj
 0001:0000f620       ??_GCInputDialog@@UAEPAXI@Z 00410620 f i FileManagerDlg.obj
 0001:0000f620       ??_ECInputDialog@@UAEPAXI@Z 00410620 f i FileManagerDlg.obj
 0001:0000f640       ?OnRemoteNewfolder@CFileManagerDlg@@IAEXXZ 00410640 f   FileManagerDlg.obj
 0001:0000f810       ?OnTransfer@CFileManagerDlg@@IAEXXZ 00410810 f   FileManagerDlg.obj
 0001:0000f850       ?OnRename@CFileManagerDlg@@IAEXXZ 00410850 f   FileManagerDlg.obj
 0001:0000f8e0       ?OnEndlabeleditListLocal@CFileManagerDlg@@IAEXPAUtagNMHDR@@PAJ@Z 004108e0 f   FileManagerDlg.obj
 0001:0000fa30       ?OnEndlabeleditListRemote@CFileManagerDlg@@IAEXPAUtagNMHDR@@PAJ@Z 00410a30 f   FileManagerDlg.obj
 0001:0000fc30       ?OnDelete@CFileManagerDlg@@IAEXXZ 00410c30 f   FileManagerDlg.obj
 0001:0000fc70       ?OnNewfolder@CFileManagerDlg@@IAEXXZ 00410c70 f   FileManagerDlg.obj
 0001:0000fcb0       ?OnRefresh@CFileManagerDlg@@IAEXXZ 00410cb0 f   FileManagerDlg.obj
 0001:0000fd20       ?OnLocalOpen@CFileManagerDlg@@IAEXXZ 00410d20 f   FileManagerDlg.obj
 0001:0000fdf0       ?OnRemoteOpenShow@CFileManagerDlg@@IAEXXZ 00410df0 f   FileManagerDlg.obj
 0001:0000ff10       ?OnRemoteOpenHide@CFileManagerDlg@@IAEXXZ 00410f10 f   FileManagerDlg.obj
 0001:00010030       ?OnRclickListLocal@CFileManagerDlg@@IAEXPAUtagNMHDR@@PAJ@Z 00411030 f   FileManagerDlg.obj
 0001:000101e0       ?OnRclickListRemote@CFileManagerDlg@@IAEXPAUtagNMHDR@@PAJ@Z 004111e0 f   FileManagerDlg.obj
 0001:00010390       ?MakeSureDirectoryPathExists@CFileManagerDlg@@AAE_NPBD@Z 00411390 f   FileManagerDlg.obj
 0001:00010510       ?RemoveHead@?$CList@VCString@@AAV1@@@QAE?AVCString@@XZ 00411510 f i FileManagerDlg.obj
 0001:000105f0       ??1?$CList@VCString@@AAV1@@@UAE@XZ 004115f0 f i FileManagerDlg.obj
 0001:00010660       ?Serialize@?$CList@VCString@@AAV1@@@UAEXAAVCArchive@@@Z 00411660 f i FileManagerDlg.obj
 0001:000107b0       ??_E?$CList@VCString@@AAV1@@@UAEPAXI@Z 004117b0 f i FileManagerDlg.obj
 0001:000107b0       ??_G?$CList@VCString@@AAV1@@@UAEPAXI@Z 004117b0 f i FileManagerDlg.obj
 0001:000107d0       ??_GCMenu@@UAEPAXI@Z       004117d0 f i FileManagerDlg.obj
 0001:000107d0       ??_ECMenu@@UAEPAXI@Z       004117d0 f i FileManagerDlg.obj
 0001:000107f0       ??1CMenu@@UAE@XZ           004117f0 f i FileManagerDlg.obj
 0001:00010830       ??_GCListCtrl@@UAEPAXI@Z   00411830 f i FileManagerDlg.obj
 0001:00010830       ??_ECListCtrl@@UAEPAXI@Z   00411830 f i FileManagerDlg.obj
 0001:00010850       ??_ECProgressCtrl@@UAEPAXI@Z 00411850 f i FileManagerDlg.obj
 0001:00010850       ??_GCProgressCtrl@@UAEPAXI@Z 00411850 f i FileManagerDlg.obj
 0001:00010870       ??0CFileTransferModeDlg@@QAE@PAVCWnd@@@Z 00411870 f   FileTransferModeDlg.obj
 0001:000108a0       ??_GCFileTransferModeDlg@@UAEPAXI@Z 004118a0 f i FileTransferModeDlg.obj
 0001:000108a0       ??_ECFileTransferModeDlg@@UAEPAXI@Z 004118a0 f i FileTransferModeDlg.obj
 0001:000108c0       ?GetMessageMap@CFileTransferModeDlg@@MBEPBUAFX_MSGMAP@@XZ 004118c0 f   FileTransferModeDlg.obj
 0001:000108d0       ?OnEndDialog@CFileTransferModeDlg@@IAEXI@Z 004118d0 f   FileTransferModeDlg.obj
 0001:000108e0       ?OnInitDialog@CFileTransferModeDlg@@MAEHXZ 004118e0 f   FileTransferModeDlg.obj
 0001:00010980       ?dbg_dump@@YAXPAU_EXCEPTION_POINTERS@@@Z 00411980 f   gh0st.obj
 0001:00010a20       ?bad_exception@@YGJPAU_EXCEPTION_POINTERS@@@Z 00411a20 f   gh0st.obj
 0001:00010a40       ?GetMessageMap@CGh0stApp@@MBEPBUAFX_MSGMAP@@XZ 00411a40 f   gh0st.obj
 0001:00010a50       ??0CGh0stApp@@QAE@XZ       00411a50 f   gh0st.obj
 0001:00010b50       ??_GCGh0stApp@@UAEPAXI@Z   00411b50 f i gh0st.obj
 0001:00010b50       ??_ECGh0stApp@@UAEPAXI@Z   00411b50 f i gh0st.obj
 0001:00010b70       ??1CGh0stApp@@UAE@XZ       00411b70 f i gh0st.obj
 0001:00010c00       ?InitInstance@CGh0stApp@@UAEHXZ 00411c00 f   gh0st.obj
 0001:00010de0       ??0CAboutDlg@@QAE@XZ       00411de0 f   gh0st.obj
 0001:00010e00       ??_GCAboutDlg@@UAEPAXI@Z   00411e00 f i gh0st.obj
 0001:00010e00       ??_ECAboutDlg@@UAEPAXI@Z   00411e00 f i gh0st.obj
 0001:00010e20       ?GetMessageMap@CAboutDlg@@MBEPBUAFX_MSGMAP@@XZ 00411e20 f   gh0st.obj
 0001:00010e30       ?OnAppAbout@CGh0stApp@@QAEXXZ 00411e30 f   gh0st.obj
 0001:00010e90       ?CreateObject@CGh0stDoc@@SGPAVCObject@@XZ 00411e90 f   gh0stDoc.obj
 0001:00010ef0       ?GetRuntimeClass@CGh0stDoc@@UBEPAUCRuntimeClass@@XZ 00411ef0 f   gh0stDoc.obj
 0001:00010f00       ?GetMessageMap@CGh0stDoc@@MBEPBUAFX_MSGMAP@@XZ 00411f00 f   gh0stDoc.obj
 0001:00010f10       ??0CGh0stDoc@@IAE@XZ       00411f10 f   gh0stDoc.obj
 0001:00010f30       ??_ECGh0stDoc@@UAEPAXI@Z   00411f30 f i gh0stDoc.obj
 0001:00010f30       ??_GCGh0stDoc@@UAEPAXI@Z   00411f30 f i gh0stDoc.obj
 0001:00010f50       ??1CGh0stDoc@@UAE@XZ       00411f50 f   gh0stDoc.obj
 0001:00010f60       ?DoDataExchange@CWebCamDlg@@MAEXPAVCDataExchange@@@Z 00411f60 f   gh0stDoc.obj
 0001:00010f60       ?OnDraw@CGh0stView@@UAEXPAVCDC@@@Z 00411f60 f   gh0stDoc.obj
 0001:00010f60       ?DoDataExchange@CFileTransferModeDlg@@MAEXPAVCDataExchange@@@Z 00411f60 f   gh0stDoc.obj
 0001:00010f60       ?Serialize@CGh0stDoc@@UAEXAAVCArchive@@@Z 00411f60 f   gh0stDoc.obj
 0001:00010f60       ?DoDataExchange@CScreenSpyDlg@@MAEXPAVCDataExchange@@@Z 00411f60 f   gh0stDoc.obj
 0001:00010f60       ?DoDataExchange@CAboutDlg@@MAEXPAVCDataExchange@@@Z 00411f60 f   gh0stDoc.obj
 0001:00010f70       ?DeleteContents@CGh0stDoc@@UAEXXZ 00411f70 f   gh0stDoc.obj
 0001:00010fa0       ?IsModified@CDocument@@UAEHXZ 00411fa0 f i gh0stDoc.obj
 0001:00010fb0       ?SetModifiedFlag@CDocument@@UAEXH@Z 00411fb0 f i gh0stDoc.obj
 0001:00011000       ?CreateObject@CGh0stView@@SGPAVCObject@@XZ 00412000 f   gh0stView.obj
 0001:00011060       ?GetRuntimeClass@CGh0stView@@UBEPAUCRuntimeClass@@XZ 00412060 f   gh0stView.obj
 0001:00011070       ?GetMessageMap@CGh0stView@@MBEPBUAFX_MSGMAP@@XZ 00412070 f   gh0stView.obj
 0001:00011080       ??0CGh0stView@@IAE@XZ      00412080 f   gh0stView.obj
 0001:00011140       ??_GCGh0stView@@UAEPAXI@Z  00412140 f i gh0stView.obj
 0001:00011140       ??_ECGh0stView@@UAEPAXI@Z  00412140 f i gh0stView.obj
 0001:00011160       ??1CGh0stView@@UAE@XZ      00412160 f   gh0stView.obj
 0001:00011170       ?PreCreateWindow@CGh0stView@@UAEHAAUtagCREATESTRUCTA@@@Z 00412170 f   gh0stView.obj
 0001:00011190       ?OnInitialUpdate@CGh0stView@@MAEXXZ 00412190 f   gh0stView.obj
 0001:000112e0       ?OnMyInitialUpdate@CGh0stView@@AAEJIJ@Z 004122e0 f   gh0stView.obj
 0001:000114b0       ?OnOpenManagerDialog@CGh0stView@@AAEJIJ@Z 004124b0 f   gh0stView.obj
 0001:00011550       ?OnOpenScreenSpyDialog@CGh0stView@@AAEJIJ@Z 00412550 f   gh0stView.obj
 0001:000115f0       ?OnOpenWebCamDialog@CGh0stView@@AAEJIJ@Z 004125f0 f   gh0stView.obj
 0001:00011690       ?OnOpenAudioDialog@CGh0stView@@AAEJIJ@Z 00412690 f   gh0stView.obj
 0001:00011730       ?OnOpenKeyBoardDialog@CGh0stView@@AAEJIJ@Z 00412730 f   gh0stView.obj
 0001:000117d0       ?OnOpenSystemDialog@CGh0stView@@AAEJIJ@Z 004127d0 f   gh0stView.obj
 0001:00011870       ?OnOpenShellDialog@CGh0stView@@AAEJIJ@Z 00412870 f   gh0stView.obj
 0001:00011910       ?OnSize@CGh0stView@@IAEXIHH@Z 00412910 f   gh0stView.obj
 0001:00011990       ?OnRButtonDown@CGh0stView@@IAEXIVCPoint@@@Z 00412990 f   gh0stView.obj
 0001:00011af0       ?OnAddToList@CGh0stView@@AAEJIJ@Z 00412af0 f   gh0stView.obj
 0001:00011ed0       ?OnRemoveFromList@CGh0stView@@AAEJIJ@Z 00412ed0 f   gh0stView.obj
 0001:00011fb0       ?SendSelectCommand@CGh0stView@@AAEXPAEI@Z 00412fb0 f   gh0stView.obj
 0001:00012020       ?OnFilemanager@CGh0stView@@IAEXXZ 00413020 f   gh0stView.obj
 0001:00012040       ?OnScreenspy@CGh0stView@@IAEXXZ 00413040 f   gh0stView.obj
 0001:00012060       ?OnWebcam@CGh0stView@@IAEXXZ 00413060 f   gh0stView.obj
 0001:00012080       ?OnAudioListen@CGh0stView@@IAEXXZ 00413080 f   gh0stView.obj
 0001:000120a0       ?OnDownexec@CGh0stView@@IAEXXZ 004130a0 f   gh0stView.obj
 0001:000122b0       ?OnRemove@CGh0stView@@IAEXXZ 004132b0 f   gh0stView.obj
 0001:000122e0       ?OnKeyboard@CGh0stView@@IAEXXZ 004132e0 f   gh0stView.obj
 0001:00012300       ?OnSystem@CGh0stView@@IAEXXZ 00413300 f   gh0stView.obj
 0001:00012320       ?OnRemoteshell@CGh0stView@@IAEXXZ 00413320 f   gh0stView.obj
 0001:00012340       ?OnLogoff@CGh0stView@@IAEXXZ 00413340 f   gh0stView.obj
 0001:00012360       ?OnReboot@CGh0stView@@IAEXXZ 00413360 f   gh0stView.obj
 0001:00012380       ?OnShutdown@CGh0stView@@IAEXXZ 00413380 f   gh0stView.obj
 0001:000123a0       ?OnSelectAll@CGh0stView@@IAEXXZ 004133a0 f   gh0stView.obj
 0001:00012400       ?OnUnselectAll@CGh0stView@@IAEXXZ 00413400 f   gh0stView.obj
 0001:00012460       ?OnOpenUrlHide@CGh0stView@@IAEXXZ 00413460 f   gh0stView.obj
 0001:00012670       ?OnOpenUrlShow@CGh0stView@@IAEXXZ 00413670 f   gh0stView.obj
 0001:00012880       ?OnCleanevent@CGh0stView@@IAEXXZ 00413880 f   gh0stView.obj
 0001:000128a0       ?OnRenameRemark@CGh0stView@@IAEXXZ 004138a0 f   gh0stView.obj
 0001:00012b40       ?OnUpdateServer@CGh0stView@@IAEXXZ 00413b40 f   gh0stView.obj
 0001:00012d50       ?OnDisconnect@CGh0stView@@IAEXXZ 00413d50 f   gh0stView.obj
 0001:00012db0       ??0CHoverEdit@@QAE@XZ      00413db0 f   HoverEdit.obj
 0001:00012dd0       ??_GCHoverEdit@@UAEPAXI@Z  00413dd0 f i HoverEdit.obj
 0001:00012dd0       ??_ECHoverEdit@@UAEPAXI@Z  00413dd0 f i HoverEdit.obj
 0001:00012df0       ??1CHoverEdit@@UAE@XZ      00413df0 f   HoverEdit.obj
 0001:00012e00       ?GetMessageMap@CHoverEdit@@MBEPBUAFX_MSGMAP@@XZ 00413e00 f   HoverEdit.obj
 0001:00012e10       ?OnHoverEnter@CHoverEdit@@UAEXXZ 00413e10 f   HoverEdit.obj
 0001:00012e10       ?OnHoverLeave@CHoverEdit@@UAEXXZ 00413e10 f   HoverEdit.obj
 0001:00012e30       ?OnNcPaint@CHoverEdit@@IAEXXZ 00413e30 f   HoverEdit.obj
 0001:00012ee0       ?WindowProc@?$CTrackControl@VCEdit@@@@MAEJIIJ@Z 00413ee0 f i HoverEdit.obj
 0001:00012fa0       ??_E?$CTrackControl@VCEdit@@@@UAEPAXI@Z 00413fa0 f i HoverEdit.obj
 0001:00012fa0       ??_G?$CTrackControl@VCEdit@@@@UAEPAXI@Z 00413fa0 f i HoverEdit.obj
 0001:00012fc0       ??1?$CTrackControl@VCEdit@@@@UAE@XZ 00413fc0 f i HoverEdit.obj
 0001:00012fd0       ??0CIniFile@@QAE@XZ        00413fd0 f   IniFile.obj
 0001:000130b0       ??_ECIniFile@@UAEPAXI@Z    004140b0 f i IniFile.obj
 0001:000130b0       ??_GCIniFile@@UAEPAXI@Z    004140b0 f i IniFile.obj
 0001:000130d0       ??1CIniFile@@UAE@XZ        004140d0 f   IniFile.obj
 0001:000130e0       ?GetString@CIniFile@@QAE?AVCString@@V2@00@Z 004140e0 f   IniFile.obj
 0001:000131b0       ?GetInt@CIniFile@@QAEHVCString@@0H@Z 004141b0 f   IniFile.obj
 0001:00013220       ?SetString@CIniFile@@QAEHVCString@@00@Z 00414220 f   IniFile.obj
 0001:000132a0       ?SetInt@CIniFile@@QAEHVCString@@0H@Z 004142a0 f   IniFile.obj
 0001:00013350       ??0CDlgTemplateBuilder@@QAE@I@Z 00414350 f   InputDlg.obj
 0001:00013380       ??1CDlgTemplateBuilder@@QAE@XZ 00414380 f   InputDlg.obj
 0001:00013390       ?Begin@CDlgTemplateBuilder@@QAEPAUDLGTEMPLATE@@KABVCRect@@PBDK@Z 00414390 f   InputDlg.obj
 0001:00013410       ?AddItemTemplate@CDlgTemplateBuilder@@IAEXGKABVCRect@@GK@Z 00414410 f   InputDlg.obj
 0001:00013490       ?AddItem@CDlgTemplateBuilder@@QAEXGKABVCRect@@PBDGK@Z 00414490 f   InputDlg.obj
 0001:000134e0       ?AddItem@CDlgTemplateBuilder@@QAEXGKABVCRect@@GGK@Z 004144e0 f   InputDlg.obj
 0001:00013540       ?AddText@CDlgTemplateBuilder@@QAEPAGPAGPBD@Z 00414540 f   InputDlg.obj
 0001:000135b0       ?Init@CInputDialog@@QAEHPBD0PAVCWnd@@G@Z 004145b0 f   InputDlg.obj
 0001:00013780       ?OnInitDialog@CInputDialog@@MAEHXZ 00414780 f   InputDlg.obj
 0001:000137b0       ?OnOK@CInputDialog@@MAEXXZ 004147b0 f   InputDlg.obj
 0001:000137e0       ??0CIOCPServer@@QAE@XZ     004147e0 f   IOCPServer.obj
 0001:000138f0       ??_GCIOCPServer@@UAEPAXI@Z 004148f0 f i IOCPServer.obj
 0001:000138f0       ??_ECIOCPServer@@UAEPAXI@Z 004148f0 f i IOCPServer.obj
 0001:00013910       ??1CIOCPServer@@UAE@XZ     00414910 f   IOCPServer.obj
 0001:000139f0       ?Initialize@CIOCPServer@@QAE_NP6GXPAXPAUClientContext@@I@ZPAVCMainFrame@@HH@Z 004149f0 f   IOCPServer.obj
 0001:00013b10       ?ListenThreadProc@CIOCPServer@@SGIPAX@Z 00414b10 f   IOCPServer.obj
 0001:00013b90       ?OnAccept@CIOCPServer@@IAEXXZ 00414b90 f   IOCPServer.obj
 0001:00013e00       ?InitializeIOCP@CIOCPServer@@IAE_NXZ 00414e00 f   IOCPServer.obj
 0001:00013ef0       ?ThreadPoolFunc@CIOCPServer@@SGIPAX@Z 00414ef0 f   IOCPServer.obj
 0001:000140c0       ?Stop@CIOCPServer@@IAEXXZ  004150c0 f   IOCPServer.obj
 0001:000140f0       ?PostRecv@CIOCPServer@@QAEXPAUClientContext@@@Z 004150f0 f   IOCPServer.obj
 0001:00014170       ?Send@CIOCPServer@@QAEXPAUClientContext@@PAEI@Z 00415170 f   IOCPServer.obj
 0001:00014330       ?OnClientInitializing@CIOCPServer@@QAE_NPAUClientContext@@K@Z 00415330 f   IOCPServer.obj
 0001:00014340       ?OnClientReading@CIOCPServer@@QAE_NPAUClientContext@@K@Z 00415340 f   IOCPServer.obj
 0001:000146c0       ?OnClientWriting@CIOCPServer@@QAE_NPAUClientContext@@K@Z 004156c0 f   IOCPServer.obj
 0001:00014840       ?CloseCompletionPort@CIOCPServer@@IAEXXZ 00415840 f   IOCPServer.obj
 0001:000148c0       ?AssociateSocketWithCompletionPort@CIOCPServer@@IAEHIPAXK@Z 004158c0 f   IOCPServer.obj
 0001:000148f0       ?RemoveStaleClient@CIOCPServer@@IAEXPAUClientContext@@H@Z 004158f0 f   IOCPServer.obj
 0001:00014a10       ?Shutdown@CIOCPServer@@QAEXXZ 00415a10 f   IOCPServer.obj
 0001:00014ac0       ??1ClientContext@@QAE@XZ   00415ac0 f i IOCPServer.obj
 0001:00014b30       ?MoveToFreePool@CIOCPServer@@IAEXPAUClientContext@@@Z 00415b30 f   IOCPServer.obj
 0001:00014cd0       ?AllocateContext@CIOCPServer@@IAEPAUClientContext@@XZ 00415cd0 f   IOCPServer.obj
 0001:00014e30       ?RemoveAll@?$CList@PAUClientContext@@PAU1@@@QAEXXZ 00415e30 f i IOCPServer.obj
 0001:00014e60       ??1?$CList@PAUClientContext@@PAU1@@@UAE@XZ 00415e60 f i IOCPServer.obj
 0001:00014ec0       ?Serialize@?$CList@PAUClientContext@@PAU1@@@UAEXAAVCArchive@@@Z 00415ec0 f i IOCPServer.obj
 0001:00014fe0       ??_E?$CList@PAUClientContext@@PAU1@@@UAEPAXI@Z 00415fe0 f i IOCPServer.obj
 0001:00014fe0       ??_G?$CList@PAUClientContext@@PAU1@@@UAEPAXI@Z 00415fe0 f i IOCPServer.obj
 0001:00015000       ?NewNode@?$CList@PAUClientContext@@PAU1@@@IAEPAUCNode@1@PAU21@0@Z 00416000 f i IOCPServer.obj
 0001:00015070       ?ConstructElements@@YGXPAPAUClientContext@@H@Z 00416070 f i IOCPServer.obj
 0001:00015090       ??1CLock@@QAE@XZ           00416090 f i IOCPServer.obj
 0001:000150e0       ??0CKeyBoardDlg@@QAE@PAVCWnd@@PAVCIOCPServer@@PAUClientContext@@@Z 004160e0 f   KeyBoardDlg.obj
 0001:00015210       ??_ECKeyBoardDlg@@UAEPAXI@Z 00416210 f i KeyBoardDlg.obj
 0001:00015210       ??_GCKeyBoardDlg@@UAEPAXI@Z 00416210 f i KeyBoardDlg.obj
 0001:00015230       ??1CKeyBoardDlg@@UAE@XZ    00416230 f i KeyBoardDlg.obj
 0001:00015290       ?GetMessageMap@CKeyBoardDlg@@MBEPBUAFX_MSGMAP@@XZ 00416290 f   KeyBoardDlg.obj
 0001:000152a0       ?OnInitDialog@CKeyBoardDlg@@MAEHXZ 004162a0 f   KeyBoardDlg.obj
 0001:00015390       ?OnSysCommand@CKeyBoardDlg@@IAEXIJ@Z 00416390 f   KeyBoardDlg.obj
 0001:00015470       ?OnReceiveComplete@CKeyBoardDlg@@QAEXXZ 00416470 f   KeyBoardDlg.obj
 0001:000154a0       ?SendException@CKeyBoardDlg@@AAEXXZ 004164a0 f   KeyBoardDlg.obj
 0001:000154d0       ?AddKeyBoardData@CKeyBoardDlg@@AAEXXZ 004164d0 f   KeyBoardDlg.obj
 0001:00015540       ?OnSize@CKeyBoardDlg@@IAEXIHH@Z 00416540 f   KeyBoardDlg.obj
 0001:00015540       ?OnSize@CShellDlg@@IAEXIHH@Z 00416540 f   KeyBoardDlg.obj
 0001:00015560       ?ResizeEdit@CKeyBoardDlg@@AAEXXZ 00416560 f   KeyBoardDlg.obj
 0001:00015560       ?ResizeEdit@CShellDlg@@AAEXXZ 00416560 f   KeyBoardDlg.obj
 0001:000155a0       ?SaveRecord@CKeyBoardDlg@@AAE_NXZ 004165a0 f   KeyBoardDlg.obj
 0001:000157c0       ?UpdateTitle@CKeyBoardDlg@@AAEXXZ 004167c0 f   KeyBoardDlg.obj
 0001:00015890       ?CreateObject@CMainFrame@@SGPAVCObject@@XZ 00416890 f   MainFrm.obj
 0001:000158f0       ?GetRuntimeClass@CMainFrame@@UBEPAUCRuntimeClass@@XZ 004168f0 f   MainFrm.obj
 0001:00015900       ?GetMessageMap@CMainFrame@@MBEPBUAFX_MSGMAP@@XZ 00416900 f   MainFrm.obj
 0001:00015910       ??0CMainFrame@@IAE@XZ      00416910 f   MainFrm.obj
 0001:00015980       ??_GCMainFrame@@UAEPAXI@Z  00416980 f i MainFrm.obj
 0001:00015980       ??_ECMainFrame@@UAEPAXI@Z  00416980 f i MainFrm.obj
 0001:000159a0       ??1CMainFrame@@UAE@XZ      004169a0 f   MainFrm.obj
 0001:00015a10       ?OnCreate@CMainFrame@@IAEHPAUtagCREATESTRUCTA@@@Z 00416a10 f   MainFrm.obj
 0001:00015bc0       ?PreCreateWindow@CMainFrame@@UAEHAAUtagCREATESTRUCTA@@@Z 00416bc0 f   MainFrm.obj
 0001:00015c10       ?NotifyProc@CMainFrame@@SGXPAXPAUClientContext@@I@Z 00416c10 f   MainFrm.obj
 0001:00015d50       ?Activate@CMainFrame@@QAEXII@Z 00416d50 f   MainFrm.obj
 0001:00015f40       ?ProcessReceiveComplete@CMainFrame@@SAXPAUClientContext@@@Z 00416f40 f   MainFrm.obj
 0001:00016190       ?ProcessReceive@CMainFrame@@SAXPAUClientContext@@@Z 00417190 f   MainFrm.obj
 0001:000161c0       ?OnClose@CMainFrame@@IAEXXZ 004171c0 f   MainFrm.obj
 0001:00016200       ?OnTrayNotification@CMainFrame@@IAEJIJ@Z 00417200 f   MainFrm.obj
 0001:00016240       ?OnSysCommand@CMainFrame@@IAEXIJ@Z 00417240 f   MainFrm.obj
 0001:000162b0       ?OnUpdateStatusBar@CMainFrame@@IAEXPAVCCmdUI@@@Z 004172b0 f   MainFrm.obj
 0001:000162c0       ?ShowConnectionsNumber@CMainFrame@@QAEXXZ 004172c0 f   MainFrm.obj
 0001:00016350       ?OnShow@CMainFrame@@IAEXXZ 00417350 f   MainFrm.obj
 0001:00016370       ?OnHide@CMainFrame@@IAEXXZ 00417370 f   MainFrm.obj
 0001:00016380       ?OnExit@CMainFrame@@IAEXXZ 00417380 f   MainFrm.obj
 0001:00016390       ?ShowToolTips@CMainFrame@@QAEXPBD@Z 00417390 f   MainFrm.obj
 0001:000163b0       ?OnOnlineServer@CMainFrame@@IAEXXZ 004173b0 f   MainFrm.obj
 0001:000163d0       ?OnSetting@CMainFrame@@IAEXXZ 004173d0 f   MainFrm.obj
 0001:000163f0       ?OnBuildServer@CMainFrame@@IAEXXZ 004173f0 f   MainFrm.obj
 0001:00016410       ??0CScreenSpyDlg@@QAE@PAVCWnd@@PAVCIOCPServer@@PAUClientContext@@@Z 00417410 f   ScreenSpyDlg.obj
 0001:000166a0       ??1CCursorInfo@@UAE@XZ     004176a0 f i ScreenSpyDlg.obj
 0001:000166d0       ??_GCCursorInfo@@UAEPAXI@Z 004176d0 f i ScreenSpyDlg.obj
 0001:000166d0       ??_ECCursorInfo@@UAEPAXI@Z 004176d0 f i ScreenSpyDlg.obj
 0001:00016710       ??_ECScreenSpyDlg@@UAEPAXI@Z 00417710 f i ScreenSpyDlg.obj
 0001:00016710       ??_GCScreenSpyDlg@@UAEPAXI@Z 00417710 f i ScreenSpyDlg.obj
 0001:00016730       ??1CScreenSpyDlg@@UAE@XZ   00417730 f i ScreenSpyDlg.obj
 0001:000167b0       ?OnClose@CScreenSpyDlg@@IAEXXZ 004177b0 f   ScreenSpyDlg.obj
 0001:00016840       ?GetMessageMap@CScreenSpyDlg@@MBEPBUAFX_MSGMAP@@XZ 00417840 f   ScreenSpyDlg.obj
 0001:00016850       ?OnReceiveComplete@CScreenSpyDlg@@QAEXXZ 00417850 f   ScreenSpyDlg.obj
 0001:00016900       ?SaveSnapshot@CScreenSpyDlg@@AAE_NXZ 00417900 f   ScreenSpyDlg.obj
 0001:00016b50       ?OnReceive@CScreenSpyDlg@@QAEXXZ 00417b50 f   ScreenSpyDlg.obj
 0001:00016bf0       ?SendResetScreen@CScreenSpyDlg@@AAEXH@Z 00417bf0 f   ScreenSpyDlg.obj
 0001:00016c30       ?SendResetAlgorithm@CScreenSpyDlg@@AAEXI@Z 00417c30 f   ScreenSpyDlg.obj
 0001:00016c60       ?OnInitDialog@CScreenSpyDlg@@MAEHXZ 00417c60 f   ScreenSpyDlg.obj
 0001:00016f90       ?ResetScreen@CScreenSpyDlg@@AAEXXZ 00417f90 f   ScreenSpyDlg.obj
 0001:00017140       ?DrawFirstScreen@CScreenSpyDlg@@AAEXXZ 00418140 f   ScreenSpyDlg.obj
 0001:00017190       ?DrawNextScreenDiff@CScreenSpyDlg@@AAEXXZ 00418190 f   ScreenSpyDlg.obj
 0001:000172d0       ?DrawNextScreenRect@CScreenSpyDlg@@AAEXXZ 004182d0 f   ScreenSpyDlg.obj
 0001:00017560       ?OnPaint@CScreenSpyDlg@@IAEXXZ 00418560 f   ScreenSpyDlg.obj
 0001:00017690       ?OnSize@CScreenSpyDlg@@IAEXIHH@Z 00418690 f   ScreenSpyDlg.obj
 0001:000177f0       ?OnSysCommand@CScreenSpyDlg@@IAEXIJ@Z 004187f0 f   ScreenSpyDlg.obj
 0001:00017bf0       ?OnGetMiniMaxInfo@CScreenSpyDlg@@AAEJIJ@Z 00418bf0 f   ScreenSpyDlg.obj
 0001:00017c20       ?DrawTipString@CScreenSpyDlg@@AAEXVCString@@@Z 00418c20 f   ScreenSpyDlg.obj
 0001:00017cd0       ?InitMMI@CScreenSpyDlg@@AAEXXZ 00418cd0 f   ScreenSpyDlg.obj
 0001:00017d80       ?PreTranslateMessage@CScreenSpyDlg@@UAEHPAUtagMSG@@@Z 00418d80 f   ScreenSpyDlg.obj
 0001:00017ed0       ?SendCommand@CScreenSpyDlg@@AAEXPAUtagMSG@@@Z 00418ed0 f   ScreenSpyDlg.obj
 0001:00017f30       ?OnHScroll@CScreenSpyDlg@@IAEXIIPAVCScrollBar@@@Z 00418f30 f   ScreenSpyDlg.obj
 0001:00018020       ?OnVScroll@CScreenSpyDlg@@IAEXIIPAVCScrollBar@@@Z 00419020 f   ScreenSpyDlg.obj
 0001:00018110       ?UpdateLocalClipboard@CScreenSpyDlg@@AAEXPADH@Z 00419110 f   ScreenSpyDlg.obj
 0001:00018180       ?SendLocalClipboard@CScreenSpyDlg@@AAEXXZ 00419180 f   ScreenSpyDlg.obj
 0001:00018230       ?SendNext@CScreenSpyDlg@@AAEXXZ 00419230 f   ScreenSpyDlg.obj
 0001:00018260       ?base64_encode@@YAHPBXHPAPAD@Z 00419260 f   SettingsView.obj
 0001:00018340       ?MyEncode@@YAPADPAD@Z      00419340 f   SettingsView.obj
 0001:000183b0       ?CreateObject@CSettingsView@@SGPAVCObject@@XZ 004193b0 f   SettingsView.obj
 0001:00018410       ?GetRuntimeClass@CSettingsView@@UBEPAUCRuntimeClass@@XZ 00419410 f   SettingsView.obj
 0001:00018420       ??0CSettingsView@@QAE@XZ   00419420 f   SettingsView.obj
 0001:00018990       ??_GCSettingsView@@UAEPAXI@Z 00419990 f i SettingsView.obj
 0001:00018990       ??_ECSettingsView@@UAEPAXI@Z 00419990 f i SettingsView.obj
 0001:000189b0       ??1CSettingsView@@UAE@XZ   004199b0 f   SettingsView.obj
 0001:00018aa0       ?DoDataExchange@CSettingsView@@MAEXPAVCDataExchange@@@Z 00419aa0 f   SettingsView.obj
 0001:00018bd0       ?GetMessageMap@CSettingsView@@MBEPBUAFX_MSGMAP@@XZ 00419bd0 f   SettingsView.obj
 0001:00018be0       ?OnChangeConfig@CSettingsView@@IAEXI@Z 00419be0 f   SettingsView.obj
 0001:00019100       ?OnActivateView@CSettingsView@@MAEXHPAVCView@@0@Z 0041a100 f   SettingsView.obj
 0001:000192a0       ?OnResetport@CSettingsView@@IAEXXZ 0041a2a0 f   SettingsView.obj
 0001:00019410       ?OnConnectAuto@CSettingsView@@IAEXXZ 0041a410 f   SettingsView.obj
 0001:00019440       ?OnCheckProxy@CSettingsView@@IAEXXZ 0041a440 f   SettingsView.obj
 0001:00019440       ?OnCheckAuth@CSettingsView@@IAEXXZ 0041a440 f   SettingsView.obj
 0001:00019450       ?OnTestMaster@CSettingsView@@IAEXXZ 0041a450 f   SettingsView.obj
 0001:000194a0       ?OnTestProxy@CSettingsView@@IAEXXZ 0041a4a0 f   SettingsView.obj
 0001:00019500       ?UpdateProxyControl@CSettingsView@@AAEXXZ 0041a500 f   SettingsView.obj
 0001:000195e0       ?TestProxy@CSettingsView@@CGKPAX@Z 0041a5e0 f   SettingsView.obj
 0001:00019960       ?TestMaster@CSettingsView@@CGKPAX@Z 0041a960 f   SettingsView.obj
 0001:00019af0       ?OnDisablePoptips@CSettingsView@@IAEXXZ 0041aaf0 f   SettingsView.obj
 0001:00019b90       ?OnSaveasDefault@CSettingsView@@IAEXXZ 0041ab90 f   SettingsView.obj
 0001:00019ba0       ??0SEU_QQwry@@QAE@XZ       0041aba0 f   SEU_QQwry.obj
 0001:00019bf0       ??_GSEU_QQwry@@UAEPAXI@Z   0041abf0 f i SEU_QQwry.obj
 0001:00019bf0       ??_ESEU_QQwry@@UAEPAXI@Z   0041abf0 f i SEU_QQwry.obj
 0001:00019c10       ??1SEU_QQwry@@UAE@XZ       0041ac10 f   SEU_QQwry.obj
 0001:00019c70       ?OpenQQwry@SEU_QQwry@@QAE_NVCString@@@Z 0041ac70 f   SEU_QQwry.obj
 0001:00019cf0       ?CloseQQwry@SEU_QQwry@@QAEXXZ 0041acf0 f   SEU_QQwry.obj
 0001:00019d10       ?GetBE@SEU_QQwry@@QAE_NXZ  0041ad10 f   SEU_QQwry.obj
 0001:00019d50       ?GetStartIPInfo@SEU_QQwry@@QAEHH@Z 0041ad50 f   SEU_QQwry.obj
 0001:00019fc0       ?GetRecordCount@SEU_QQwry@@QAEHXZ 0041afc0 f   SEU_QQwry.obj
 0001:0001a000       ?GetStr@SEU_QQwry@@QAE?AVCString@@H@Z 0041b000 f   SEU_QQwry.obj
 0001:0001a0d0       ?GetCountryLocal@SEU_QQwry@@QAE?AVCString@@H@Z 0041b0d0 f   SEU_QQwry.obj
 0001:0001a130       ?GetCountryLocal@SEU_QQwry@@QAE?AVCString@@EH@Z 0041b130 f   SEU_QQwry.obj
 0001:0001a500       ?GetStr@SEU_QQwry@@QAE?AVCString@@XZ 0041b500 f   SEU_QQwry.obj
 0001:0001a5a0       ?IPtoAdd@SEU_QQwry@@QAE?AVCString@@V2@@Z 0041b5a0 f   SEU_QQwry.obj
 0001:0001a670       ?GetIndex@SEU_QQwry@@QAEHVCString@@@Z 0041b670 f   SEU_QQwry.obj
 0001:0001a760       ?GetSIP@SEU_QQwry@@QAEKH@Z 0041b760 f   SEU_QQwry.obj
 0001:0001a830       ?IPtoDWORD@SEU_QQwry@@QAEKVCString@@@Z 0041b830 f   SEU_QQwry.obj
 0001:0001a940       ?SetPath@SEU_QQwry@@QAEXVCString@@@Z 0041b940 f   SEU_QQwry.obj
 0001:0001a9b0       ??0CShellDlg@@QAE@PAVCWnd@@PAVCIOCPServer@@PAUClientContext@@@Z 0041b9b0 f   ShellDlg.obj
 0001:0001aa50       ??_ECShellDlg@@UAEPAXI@Z   0041ba50 f i ShellDlg.obj
 0001:0001aa50       ??_GCShellDlg@@UAEPAXI@Z   0041ba50 f i ShellDlg.obj
 0001:0001aa70       ??1CShellDlg@@UAE@XZ       0041ba70 f i ShellDlg.obj
 0001:0001aac0       ?DoDataExchange@CShellDlg@@MAEXPAVCDataExchange@@@Z 0041bac0 f   ShellDlg.obj
 0001:0001aac0       ?DoDataExchange@CKeyBoardDlg@@MAEXPAVCDataExchange@@@Z 0041bac0 f   ShellDlg.obj
 0001:0001aae0       ?GetMessageMap@CShellDlg@@MBEPBUAFX_MSGMAP@@XZ 0041bae0 f   ShellDlg.obj
 0001:0001aaf0       ?PreTranslateMessage@CShellDlg@@UAEHPAUtagMSG@@@Z 0041baf0 f   ShellDlg.obj
 0001:0001ac80       ?OnInitDialog@CShellDlg@@MAEHXZ 0041bc80 f   ShellDlg.obj
 0001:0001adb0       ?OnReceiveComplete@CShellDlg@@QAEXXZ 0041bdb0 f   ShellDlg.obj
 0001:0001add0       ?AddKeyBoardData@CShellDlg@@AAEXXZ 0041bdd0 f   ShellDlg.obj
 0001:0001aeb0       ?OnClose@CKeyBoardDlg@@IAEXXZ 0041beb0 f   ShellDlg.obj
 0001:0001aeb0       ?OnClose@CShellDlg@@IAEXXZ 0041beb0 f   ShellDlg.obj
 0001:0001aee0       ?OnChangeEdit@CShellDlg@@IAEXXZ 0041bee0 f   ShellDlg.obj
 0001:0001af00       ?OnCtlColor@CShellDlg@@IAEPAUHBRUSH__@@PAVCDC@@PAVCWnd@@I@Z 0041bf00 f   ShellDlg.obj
 0001:0001af60       ??0CSystemDlg@@QAE@PAVCWnd@@PAVCIOCPServer@@PAUClientContext@@@Z 0041bf60 f   SystemDlg.obj
 0001:0001b030       ??_GCSystemDlg@@UAEPAXI@Z  0041c030 f i SystemDlg.obj
 0001:0001b030       ??_ECSystemDlg@@UAEPAXI@Z  0041c030 f i SystemDlg.obj
 0001:0001b050       ??1CSystemDlg@@UAE@XZ      0041c050 f i SystemDlg.obj
 0001:0001b0d0       ?DoDataExchange@CSystemDlg@@MAEXPAVCDataExchange@@@Z 0041c0d0 f   SystemDlg.obj
 0001:0001b130       ?OnReceiveComplete@CSystemDlg@@QAEXXZ 0041c130 f   SystemDlg.obj
 0001:0001b170       ?GetMessageMap@CSystemDlg@@MBEPBUAFX_MSGMAP@@XZ 0041c170 f   SystemDlg.obj
 0001:0001b180       ?ShowProcessList@CSystemDlg@@AAEXXZ 0041c180 f   SystemDlg.obj
 0001:0001b330       ?ShowWindowsList@CSystemDlg@@AAEXXZ 0041c330 f   SystemDlg.obj
 0001:0001b4a0       ?ShowDialupassList@CSystemDlg@@AAEXXZ 0041c4a0 f   SystemDlg.obj
 0001:0001b560       ?OnInitDialog@CSystemDlg@@EAEHXZ 0041c560 f   SystemDlg.obj
 0001:0001b7b0       ?PreTranslateMessage@CKeyBoardDlg@@UAEHPAUtagMSG@@@Z 0041c7b0 f   SystemDlg.obj
 0001:0001b7b0       ?PreTranslateMessage@CWebCamDlg@@UAEHPAUtagMSG@@@Z 0041c7b0 f   SystemDlg.obj
 0001:0001b7b0       ?PreTranslateMessage@CSystemDlg@@UAEHPAUtagMSG@@@Z 0041c7b0 f   SystemDlg.obj
 0001:0001b7e0       ?OnClose@CSystemDlg@@AAEXXZ 0041c7e0 f   SystemDlg.obj
 0001:0001b810       ?OnSize@CSystemDlg@@AAEXIHH@Z 0041c810 f   SystemDlg.obj
 0001:0001b830       ?AdjustList@CSystemDlg@@AAEXXZ 0041c830 f   SystemDlg.obj
 0001:0001b890       ?ShowSelectWindow@CSystemDlg@@AAEXXZ 0041c890 f   SystemDlg.obj
 0001:0001b990       ?OnRclickList@CSystemDlg@@AAEXPAUtagNMHDR@@PAJ@Z 0041c990 f   SystemDlg.obj
 0001:0001ba60       ?OnKillprocess@CSystemDlg@@AAEXXZ 0041ca60 f   SystemDlg.obj
 0001:0001bc00       ?OnRefreshPsList@CSystemDlg@@AAEXXZ 0041cc00 f   SystemDlg.obj
 0001:0001bc40       ?GetProcessList@CSystemDlg@@AAEXXZ 0041cc40 f   SystemDlg.obj
 0001:0001bc70       ?GetWindowsList@CSystemDlg@@AAEXXZ 0041cc70 f   SystemDlg.obj
 0001:0001bca0       ?GetDialupassList@CSystemDlg@@AAEXXZ 0041cca0 f   SystemDlg.obj
 0001:0001bcd0       ?OnSelchangeTab@CSystemDlg@@AAEXPAUtagNMHDR@@PAJ@Z 0041ccd0 f   SystemDlg.obj
 0001:0001bcf0       ??_GCTabCtrl@@UAEPAXI@Z    0041ccf0 f i SystemDlg.obj
 0001:0001bcf0       ??_ECTabCtrl@@UAEPAXI@Z    0041ccf0 f i SystemDlg.obj
 0001:0001bd10       ?CreateObject@CTabSDIFrameWnd@@SGPAVCObject@@XZ 0041cd10 f   TabSDIFrameWnd.obj
 0001:0001bd70       ?GetRuntimeClass@CTabSDIFrameWnd@@UBEPAUCRuntimeClass@@XZ 0041cd70 f   TabSDIFrameWnd.obj
 0001:0001bd80       ??0CTabSDIFrameWnd@@IAE@XZ 0041cd80 f   TabSDIFrameWnd.obj
 0001:0001bdd0       ??_ECTabSDIFrameWnd@@MAEPAXI@Z 0041cdd0 f i TabSDIFrameWnd.obj
 0001:0001bdd0       ??_GCTabSDIFrameWnd@@MAEPAXI@Z 0041cdd0 f i TabSDIFrameWnd.obj
 0001:0001bdf0       ??1CTabSDIFrameWnd@@MAE@XZ 0041cdf0 f   TabSDIFrameWnd.obj
 0001:0001be50       ?GetMessageMap@CTabSDIFrameWnd@@MBEPBUAFX_MSGMAP@@XZ 0041ce50 f   TabSDIFrameWnd.obj
 0001:0001be60       ?OnSelchangeTabctrl@CTabSDIFrameWnd@@IAEXPAUtagNMHDR@@PAJ@Z 0041ce60 f   TabSDIFrameWnd.obj
 0001:0001be80       ?OnClickTabctrl@CTabSDIFrameWnd@@IAEXPAUtagNMHDR@@PAJ@Z 0041ce80 f   TabSDIFrameWnd.obj
 0001:0001beb0       ?AddView@CTabSDIFrameWnd@@QAEHVCString@@PAVCView@@0@Z 0041ceb0 f   TabSDIFrameWnd.obj
 0001:0001c020       ?GetItemCount@CCustomTabCtrl@@QAEHXZ 0041d020 f i TabSDIFrameWnd.obj
 0001:0001c030       ?DeleteActiveView@CTabSDIFrameWnd@@QAEHXZ 0041d030 f   TabSDIFrameWnd.obj
 0001:0001c180       ?DeleteContents@CTabSDIFrameWnd@@QAEXXZ 0041d180 f   TabSDIFrameWnd.obj
 0001:0001c1e0       ?SetCurView@CTabSDIFrameWnd@@QAEHH@Z 0041d1e0 f   TabSDIFrameWnd.obj
 0001:0001c320       ??0CThemeUtil@@QAE@XZ      0041d320 f   ThemeUtil.obj
 0001:0001c370       ??_GCThemeUtil@@UAEPAXI@Z  0041d370 f i ThemeUtil.obj
 0001:0001c370       ??_ECThemeUtil@@UAEPAXI@Z  0041d370 f i ThemeUtil.obj
 0001:0001c390       ??1CThemeUtil@@UAE@XZ      0041d390 f   ThemeUtil.obj
 0001:0001c3a0       ?FreeLibrary@CThemeUtil@@AAEXXZ 0041d3a0 f   ThemeUtil.obj
 0001:0001c3c0       ?IsWinXP@CThemeUtil@@AAEHXZ 0041d3c0 f   ThemeUtil.obj
 0001:0001c420       ?OpenThemeData@CThemeUtil@@QAEHPAUHWND__@@PBG@Z 0041d420 f   ThemeUtil.obj
 0001:0001c520       ?CloseThemeData@CThemeUtil@@QAEXXZ 0041d520 f   ThemeUtil.obj
 0001:0001c570       ?GetThemeColor@CThemeUtil@@QAEHHHHPBK@Z 0041d570 f   ThemeUtil.obj
 0001:0001c5c0       ?GetThemeEnumValue@CThemeUtil@@QAEHHHHPBH@Z 0041d5c0 f   ThemeUtil.obj
 0001:0001c610       ?GetThemeInt@CThemeUtil@@QAEHHHHPBH@Z 0041d610 f   ThemeUtil.obj
 0001:0001c660       ?GetThemeMargins@CThemeUtil@@QAEHHHHPBU_MY_MARGINS@@@Z 0041d660 f   ThemeUtil.obj
 0001:0001c6b0       ?GetThemeFilename@CThemeUtil@@QAEHHHHPAGH@Z 0041d6b0 f   ThemeUtil.obj
 0001:0001c700       ?GetCurrentThemeName@CThemeUtil@@QAEHPAGH0H0H@Z 0041d700 f   ThemeUtil.obj
 0001:0001c750       ?LoadBitmapA@CThemeUtil@@QAEPAUHBITMAP__@@PAG@Z 0041d750 f   ThemeUtil.obj
 0001:0001c800       ?GetRuntimeClass@CTrayIcon@@UBEPAUCRuntimeClass@@XZ 0041d800 f   TrayIcon.obj
 0001:0001c810       ??0CTrayIcon@@QAE@XZ       0041d810 f   TrayIcon.obj
 0001:0001c830       ??_ECTrayIcon@@UAEPAXI@Z   0041d830 f i TrayIcon.obj
 0001:0001c830       ??_GCTrayIcon@@UAEPAXI@Z   0041d830 f i TrayIcon.obj
 0001:0001c850       ?Create@CTrayIcon@@QAEHPAVCWnd@@IPBDPAUHICON__@@IH@Z 0041d850 f   TrayIcon.obj
 0001:0001c9d0       ??1CTrayIcon@@UAE@XZ       0041d9d0 f   TrayIcon.obj
 0001:0001ca10       ?RemoveIcon@CTrayIcon@@QAEXXZ 0041da10 f   TrayIcon.obj
 0001:0001ca40       ?SetTooltipText@CTrayIcon@@QAEHPBD@Z 0041da40 f   TrayIcon.obj
 0001:0001cae0       ?OnTrayNotification@CTrayIcon@@UAEJIJ@Z 0041dae0 f   TrayIcon.obj
 0001:0001cd20       ??0CTrueColorToolBar@@QAE@XZ 0041dd20 f   TrueColorToolBar.obj
 0001:0001cd60       ??_ECTrueColorToolBar@@UAEPAXI@Z 0041dd60 f i TrueColorToolBar.obj
 0001:0001cd60       ??_GCTrueColorToolBar@@UAEPAXI@Z 0041dd60 f i TrueColorToolBar.obj
 0001:0001cd80       ??1CTrueColorToolBar@@UAE@XZ 0041dd80 f   TrueColorToolBar.obj
 0001:0001ce00       ?GetMessageMap@CTrueColorToolBar@@MBEPBUAFX_MSGMAP@@XZ 0041de00 f   TrueColorToolBar.obj
 0001:0001ce10       ?LoadTrueColorToolBar@CTrueColorToolBar@@QAEHHIII@Z 0041de10 f   TrueColorToolBar.obj
 0001:0001ce80       ?SetTrueColorToolBar@CTrueColorToolBar@@AAEHIIH@Z 0041de80 f   TrueColorToolBar.obj
 0001:0001d040       ?AddDropDownButton@CTrueColorToolBar@@QAEXPAVCWnd@@II@Z 0041e040 f   TrueColorToolBar.obj
 0001:0001d240       ?OnToolbarDropDown@CTrueColorToolBar@@IAEXPAUtagNMTOOLBARA@@PAJ@Z 0041e240 f   TrueColorToolBar.obj
 0001:0001d350       ?Serialize@?$CArray@UstDropDownInfo@CTrueColorToolBar@@AAU12@@@UAEXAAVCArchive@@@Z 0041e350 f i TrueColorToolBar.obj
 0001:0001d510       ??_E?$CArray@UstDropDownInfo@CTrueColorToolBar@@AAU12@@@UAEPAXI@Z 0041e510 f i TrueColorToolBar.obj
 0001:0001d510       ??_G?$CArray@UstDropDownInfo@CTrueColorToolBar@@AAU12@@@UAEPAXI@Z 0041e510 f i TrueColorToolBar.obj
 0001:0001d530       ??1?$CArray@UstDropDownInfo@CTrueColorToolBar@@AAU12@@@UAE@XZ 0041e530 f i TrueColorToolBar.obj
 0001:0001d580       ??0CWebCamDlg@@QAE@PAVCWnd@@PAVCIOCPServer@@PAUClientContext@@@Z 0041e580 f   WebCamDlg.obj
 0001:0001d6a0       ??_ECWebCamDlg@@UAEPAXI@Z  0041e6a0 f i WebCamDlg.obj
 0001:0001d6a0       ??_GCWebCamDlg@@UAEPAXI@Z  0041e6a0 f i WebCamDlg.obj
 0001:0001d6c0       ??1CWebCamDlg@@UAE@XZ      0041e6c0 f i WebCamDlg.obj
 0001:0001d730       ?GetMessageMap@CWebCamDlg@@MBEPBUAFX_MSGMAP@@XZ 0041e730 f   WebCamDlg.obj
 0001:0001d740       ?OnReceive@CWebCamDlg@@QAEXXZ 0041e740 f   WebCamDlg.obj
 0001:0001d7d0       ?OnReceiveComplete@CWebCamDlg@@QAEXXZ 0041e7d0 f   WebCamDlg.obj
 0001:0001d820       ?SaveSnapshot@CWebCamDlg@@AAE_NXZ 0041e820 f   WebCamDlg.obj
 0001:0001da70       ?SaveAvi@CWebCamDlg@@AAEXXZ 0041ea70 f   WebCamDlg.obj
 0001:0001dc90       ?SendException@CWebCamDlg@@AAEXXZ 0041ec90 f   WebCamDlg.obj
 0001:0001dcc0       ?OnGetMiniMaxInfo@CWebCamDlg@@AAEJIJ@Z 0041ecc0 f   WebCamDlg.obj
 0001:0001dcf0       ?InitMMI@CWebCamDlg@@AAEXXZ 0041ecf0 f   WebCamDlg.obj
 0001:0001ddd0       ?OnClose@CWebCamDlg@@IAEXXZ 0041edd0 f   WebCamDlg.obj
 0001:0001de70       ?OnInitDialog@CWebCamDlg@@MAEHXZ 0041ee70 f   WebCamDlg.obj
 0001:0001e040       ?OnSysCommand@CWebCamDlg@@IAEXIJ@Z 0041f040 f   WebCamDlg.obj
 0001:0001e160       ?DrawDIB@CWebCamDlg@@AAEXXZ 0041f160 f   WebCamDlg.obj
 0001:0001e270       ?InitCodec@CWebCamDlg@@AAEXK@Z 0041f270 f   WebCamDlg.obj
 0001:0001e3d0       ??_ECVideoCodec@@UAEPAXI@Z 0041f3d0 f i WebCamDlg.obj
 0001:0001e3d0       ??_GCVideoCodec@@UAEPAXI@Z 0041f3d0 f i WebCamDlg.obj
 0001:0001e420       ?SendResetScreen@CWebCamDlg@@AAE_NHH@Z 0041f420 f   WebCamDlg.obj
 0001:0001e4a0       ?ResetScreen@CWebCamDlg@@AAEXXZ 0041f4a0 f   WebCamDlg.obj
 0001:0001e5b0       ?OnPaint@CWebCamDlg@@IAEXXZ 0041f5b0 f   WebCamDlg.obj
 0001:0001e6b0       ?OnShowWindow@CWebCamDlg@@IAEXHI@Z 0041f6b0 f   WebCamDlg.obj
 0001:0001e6c0       ?OnSize@CWebCamDlg@@IAEXIHH@Z 0041f6c0 f   WebCamDlg.obj
 0001:0001e7b0       ?PostNcDestroy@CFileManagerDlg@@MAEXXZ 0041f7b0 f   WebCamDlg.obj
 0001:0001e7b0       ?PostNcDestroy@CWebCamDlg@@MAEXXZ 0041f7b0 f   WebCamDlg.obj
 0001:0001e7b0       ?PostNcDestroy@CKeyBoardDlg@@MAEXXZ 0041f7b0 f   WebCamDlg.obj
 0001:0001e7b0       ?PostNcDestroy@CScreenSpyDlg@@MAEXXZ 0041f7b0 f   WebCamDlg.obj
 0001:0001e7d0       ??0CWinXPButtonST@@QAE@XZ  0041f7d0 f   WinXPButtonST.obj
 0001:0001e7f0       ??_ECWinXPButtonST@@UAEPAXI@Z 0041f7f0 f i WinXPButtonST.obj
 0001:0001e7f0       ??_GCWinXPButtonST@@UAEPAXI@Z 0041f7f0 f i WinXPButtonST.obj
 0001:0001e810       ??1CWinXPButtonST@@UAE@XZ  0041f810 f   WinXPButtonST.obj
 0001:0001e820       ?OnDrawBorder@CWinXPButtonST@@MAEKPAVCDC@@PAVCRect@@@Z 0041f820 f   WinXPButtonST.obj
 0001:0001e830       ?OnDrawBackground@CWinXPButtonST@@MAEKPAVCDC@@PAVCRect@@@Z 0041f830 f   WinXPButtonST.obj
 0001:0001e970       ??_GCPen@@UAEPAXI@Z        0041f970 f i WinXPButtonST.obj
 0001:0001e970       ??_ECPen@@UAEPAXI@Z        0041f970 f i WinXPButtonST.obj
 0001:0001e990       _compress2                 0041f990 f   zlib:compress.obj
 0001:0001ea40       _compress                  0041fa40 f   zlib:compress.obj
 0001:0001ea60       _uncompress                0041fa60 f   zlib:uncompr.obj
 0001:0001eb00       _deflateInit_              0041fb00 f   zlib:deflate.obj
 0001:0001eb30       _deflateInit2_             0041fb30 f   zlib:deflate.obj
 0001:0001ed30       _deflateReset              0041fd30 f   zlib:deflate.obj
 0001:0001edb0       _deflate                   0041fdb0 f   zlib:deflate.obj
 0001:0001f110       _deflateEnd                00420110 f   zlib:deflate.obj
 0001:0001fe40       _inflateReset              00420e40 f   zlib:inflate.obj
 0001:0001fe90       _inflateEnd                00420e90 f   zlib:inflate.obj
 0001:0001fee0       _inflateInit2_             00420ee0 f   zlib:inflate.obj
 0001:0001fff0       _inflateInit_              00420ff0 f   zlib:inflate.obj
 0001:00020010       _inflate                   00421010 f   zlib:inflate.obj
 0001:00020440       _zcalloc                   00421440 f   zlib:zutil.obj
 0001:00020460       _zcfree                    00421460 f   zlib:zutil.obj
 0001:00020470       _adler32                   00421470 f   zlib:adler32.obj
 0001:000205a0       __tr_init                  004215a0 f   zlib:trees.obj
 0001:00020690       __tr_stored_block          00421690 f   zlib:trees.obj
 0001:00020730       __tr_align                 00421730 f   zlib:trees.obj
 0001:00020990       __tr_flush_block           00421990 f   zlib:trees.obj
 0001:00022130       _inflate_blocks_reset      00423130 f   zlib:infblock.obj
 0001:000221b0       _inflate_blocks_new        004231b0 f   zlib:infblock.obj
 0001:00022250       _inflate_blocks            00423250 f   zlib:infblock.obj
 0001:00022f60       _inflate_blocks_free       00423f60 f   zlib:infblock.obj
 0001:00022fa0       _inflate_codes_new         00423fa0 f   zlib:infcodes.obj
 0001:00022fe0       _inflate_codes             00423fe0 f   zlib:infcodes.obj
 0001:00023790       _inflate_codes_free        00424790 f   zlib:infcodes.obj
 0001:000237b0       _inflate_trees_bits        004247b0 f   zlib:inftrees.obj
 0001:00023d20       _inflate_trees_dynamic     00424d20 f   zlib:inftrees.obj
 0001:00023eb0       _inflate_trees_fixed       00424eb0 f   zlib:inftrees.obj
 0001:00023ee0       _inflate_flush             00424ee0 f   zlib:infutil.obj
 0001:00024020       _inflate_fast              00425020 f   zlib:inffast.obj
 0001:000243f0       ?AfxGetMainWnd@@YGPAVCWnd@@XZ 004253f0 f i nafxcw:dlgcore.obj
 0001:00024404       ??_9@$BME@AE               00425404 f i nafxcw:dlgcore.obj
 0001:0002440c       ??_9@$BMI@AE               0042540c f i nafxcw:dlgcore.obj
 0001:00024414       _InitMultipleMonitorStubs  00425414 f   nafxcw:wincore.obj
 0001:000244ec       _xMonitorFromRect@8        004254ec f   nafxcw:wincore.obj
 0001:00024542       _xMonitorFromWindow@8      00425542 f   nafxcw:wincore.obj
 0001:000245ad       _xGetMonitorInfo@8         004255ad f   nafxcw:wincore.obj
 0001:00024640       ?GetOwner@CWnd@@QBEPAV1@XZ 00425640 f i nafxcw:wincore.obj
 0001:00024657       ??1CWaitCursor@@QAE@XZ     00425657 f i nafxcw:wincore.obj
 0001:00024664       ??0CResourceException@@QAE@HI@Z 00425664 f i nafxcw:wingdi.obj
 0001:0002468e       ??_ECResourceException@@UAEPAXI@Z 0042568e f i nafxcw:wingdi.obj
 0001:0002468e       ??_GCResourceException@@UAEPAXI@Z 0042568e f i nafxcw:wingdi.obj
 0001:000246aa       ??1CResourceException@@UAE@XZ 004256aa f i nafxcw:wingdi.obj
 0001:000246b1       ??0CUserException@@QAE@HI@Z 004256b1 f i nafxcw:wingdi.obj
 0001:000246db       ??_ECUserException@@UAEPAXI@Z 004256db f i nafxcw:wingdi.obj
 0001:000246db       ??_GCUserException@@UAEPAXI@Z 004256db f i nafxcw:wingdi.obj
 0001:000246f7       ??1CUserException@@UAE@XZ  004256f7 f i nafxcw:wingdi.obj
 0001:000246fe       ??_ECBrush@@UAEPAXI@Z      004256fe f i nafxcw:wingdi.obj
 0001:000246fe       ??_GCBrush@@UAEPAXI@Z      004256fe f i nafxcw:wingdi.obj
 0001:0002471a       ?PtVisible@CDC@@UBEHHH@Z   0042571a f i nafxcw:wingdi.obj
 0001:0002472e       ?RectVisible@CDC@@UBEHPBUtagRECT@@@Z 0042572e f i nafxcw:wingdi.obj
 0001:0002473e       ?TextOutA@CDC@@UAEHHHPBDH@Z 0042573e f i nafxcw:wingdi.obj
 0001:0002475a       ?ExtTextOutA@CDC@@UAEHHHIPBUtagRECT@@PBDIPAH@Z 0042575a f i nafxcw:wingdi.obj
 0001:0002477f       ?TabbedTextOutA@CDC@@UAE?AVCSize@@HHPBDHHPAHH@Z 0042577f f i nafxcw:wingdi.obj
 0001:000247b7       ?DrawTextA@CDC@@UAEHPBDHPAUtagRECT@@I@Z 004257b7 f i nafxcw:wingdi.obj
 0001:000247d3       ?GrayStringA@CDC@@UAEHPAVCBrush@@P6GHPAUHDC__@@JH@ZJHHHHH@Z 004257d3 f i nafxcw:wingdi.obj
 0001:00024803       ?Escape@CDC@@UAEHHHPBDPAX@Z 00425803 f i nafxcw:wingdi.obj
 0001:0002481f       ??1CException@@UAE@XZ      0042581f f i nafxcw:filecore.obj
 0001:0002481f       ??1CNoTrackObject@@UAE@XZ  0042581f f i nafxcw:filecore.obj
 0001:0002481f       ??1COccManager@@UAE@XZ     0042581f f i nafxcw:filecore.obj
 0001:00024820       ??_GCFileException@@UAEPAXI@Z 00425820 f i nafxcw:filecore.obj
 0001:00024820       ??_ECFileException@@UAEPAXI@Z 00425820 f i nafxcw:filecore.obj
 0001:0002483c       ??1CFileException@@UAE@XZ  0042583c f i nafxcw:filecore.obj
 0001:00024868       ?SetFilePath@CFile@@UAEXPBD@Z 00425868 f i nafxcw:filecore.obj
 0001:00024877       ??_9@$BOA@AE               00425877 f i nafxcw:viewcore.obj
 0001:0002487f       ??1CPushRoutingView@@QAE@XZ 0042587f f i nafxcw:viewcore.obj
 0001:0002488b       ??0CMemoryException@@QAE@HI@Z 0042588b f i nafxcw:except.obj
 0001:000248b5       ??_GCMemoryException@@UAEPAXI@Z 004258b5 f i nafxcw:except.obj
 0001:000248b5       ??_ECMemoryException@@UAEPAXI@Z 004258b5 f i nafxcw:except.obj
 0001:000248d1       ??1CMemoryException@@UAE@XZ 004258d1 f i nafxcw:except.obj
 0001:000248d8       ??0CNotSupportedException@@QAE@HI@Z 004258d8 f i nafxcw:except.obj
 0001:00024902       ??_ECNotSupportedException@@UAEPAXI@Z 00425902 f i nafxcw:except.obj
 0001:00024902       ??_GCNotSupportedException@@UAEPAXI@Z 00425902 f i nafxcw:except.obj
 0001:0002491e       ??1CNotSupportedException@@UAE@XZ 0042591e f i nafxcw:except.obj
 0001:00024925       ??6CArchive@@QAEAAV0@E@Z   00425925 f i nafxcw:arccore.obj
 0001:00024948       ??6CArchive@@QAEAAV0@G@Z   00425948 f i nafxcw:arccore.obj
 0001:0002496f       ??6CArchive@@QAEAAV0@K@Z   0042596f f i nafxcw:arccore.obj
 0001:00024995       ??5CArchive@@QAEAAV0@AAE@Z 00425995 f i nafxcw:arccore.obj
 0001:000249c4       ??5CArchive@@QAEAAV0@AAG@Z 004259c4 f i nafxcw:arccore.obj
 0001:000249f7       ??5CArchive@@QAEAAV0@AAK@Z 004259f7 f i nafxcw:arccore.obj
 0001:00024a29       ??_GCHeaderCtrl@@UAEPAXI@Z 00425a29 f i nafxcw:winctrl2.obj
 0001:00024a29       ??_ECHeaderCtrl@@UAEPAXI@Z 00425a29 f i nafxcw:winctrl2.obj
 0001:00024a45       ??0CFileFind@@QAE@XZ       00425a45 f   nafxcw:filefind.obj
 0001:00024a66       ??_ECFileFind@@UAEPAXI@Z   00425a66 f i nafxcw:filefind.obj
 0001:00024a66       ??_GCFileFind@@UAEPAXI@Z   00425a66 f i nafxcw:filefind.obj
 0001:00024a82       ??1CFileFind@@UAE@XZ       00425a82 f   nafxcw:filefind.obj
 0001:00024abe       ?Close@CFileFind@@QAEXXZ   00425abe f   nafxcw:filefind.obj
 0001:00024afe       ?CloseContext@CFileFind@@MAEXXZ 00425afe f   nafxcw:filefind.obj
 0001:00024b08       ?FindFile@CFileFind@@UAEHPBDK@Z 00425b08 f   nafxcw:filefind.obj
 0001:00024be8       ?MatchesMask@CFileFind@@UBEHK@Z 00425be8 f   nafxcw:filefind.obj
 0001:00024c02       ?GetLastAccessTime@CFileFind@@UBEHPAU_FILETIME@@@Z 00425c02 f   nafxcw:filefind.obj
 0001:00024c26       ?GetLastWriteTime@CFileFind@@UBEHPAU_FILETIME@@@Z 00425c26 f   nafxcw:filefind.obj
 0001:00024c4a       ?GetCreationTime@CFileFind@@UBEHPAU_FILETIME@@@Z 00425c4a f   nafxcw:filefind.obj
 0001:00024c6e       ?GetLastAccessTime@CFileFind@@UBEHAAVCTime@@@Z 00425c6e f   nafxcw:filefind.obj
 0001:00024c99       ?GetLastWriteTime@CFileFind@@UBEHAAVCTime@@@Z 00425c99 f   nafxcw:filefind.obj
 0001:00024cc4       ?GetCreationTime@CFileFind@@UBEHAAVCTime@@@Z 00425cc4 f   nafxcw:filefind.obj
 0001:00024cef       ?IsDots@CFileFind@@UBEHXZ  00425cef f   nafxcw:filefind.obj
 0001:00024d28       ?FindNextFileA@CFileFind@@UAEHXZ 00425d28 f   nafxcw:filefind.obj
 0001:00024d63       ?GetFileURL@CFileFind@@UBE?AVCString@@XZ 00425d63 f   nafxcw:filefind.obj
 0001:00024ddc       ?GetRoot@CFileFind@@UBE?AVCString@@XZ 00425ddc f   nafxcw:filefind.obj
 0001:00024df7       ?GetFilePath@CFileFind@@UBE?AVCString@@XZ 00425df7 f   nafxcw:filefind.obj
 0001:00024e8f       ?GetFileTitle@CFileFind@@UBE?AVCString@@XZ 00425e8f f   nafxcw:filefind.obj
 0001:00024f20       ?GetFileName@CFileFind@@UBE?AVCString@@XZ 00425f20 f   nafxcw:filefind.obj
 0001:00024f7f       ?GetLength@CFileFind@@QBEKXZ 00425f7f f   nafxcw:filefind.obj
 0001:00024fae       ??1?$CProcessLocal@VCOccManager@@@@QAE@XZ 00425fae f i nafxcw:occmgr.obj
 0001:00024fb3       ?AfxEnableControlContainer@@YAXPAVCOccManager@@@Z 00425fb3 f   nafxcw:occmgr.obj
 0001:00024fda       ?_AfxFindFirstDlgItem@@YGPAUDLGITEMTEMPLATE@@PBUDLGTEMPLATE@@@Z 00425fda f   nafxcw:occmgr.obj
 0001:00025060       ?_AfxFindNextDlgItem@@YGPAUDLGITEMTEMPLATE@@PAU1@H@Z 00426060 f   nafxcw:occmgr.obj
 0001:000250b4       ?OnEvent@COccManager@@UAEHPAVCCmdTarget@@IPAUAFX_EVENT@@PAUAFX_CMDHANDLERINFO@@@Z 004260b4 f   nafxcw:occmgr.obj
 0001:000250cc       ?CreateContainer@COccManager@@UAEPAVCOleControlContainer@@PAVCWnd@@@Z 004260cc f   nafxcw:occmgr.obj
 0001:00025103       ?CreateSite@COccManager@@UAEPAVCOleControlSite@@PAVCOleControlContainer@@@Z 00426103 f   nafxcw:occmgr.obj
 0001:0002513d       ?PreCreateDialog@COccManager@@UAEPBUDLGTEMPLATE@@PAU_AFX_OCC_DIALOG_INFO@@PBU2@@Z 0042613d f   nafxcw:occmgr.obj
 0001:00025187       ?PostCreateDialog@COccManager@@UAEXPAU_AFX_OCC_DIALOG_INFO@@@Z 00426187 f   nafxcw:occmgr.obj
 0001:000251ab       ?SplitDialogTemplate@COccManager@@UAEPAUDLGTEMPLATE@@PBU2@PAPAUDLGITEMTEMPLATE@@@Z 004261ab f   nafxcw:occmgr.obj
 0001:000252ea       ?CreateDlgControls@COccManager@@UAEHPAVCWnd@@PBDPAU_AFX_OCC_DIALOG_INFO@@@Z 004262ea f   nafxcw:occmgr.obj
 0001:00025345       ?CreateDlgControls@COccManager@@UAEHPAVCWnd@@PAXPAU_AFX_OCC_DIALOG_INFO@@@Z 00426345 f   nafxcw:occmgr.obj
 0001:000254a0       ?BindControls@COccManager@@IAEXPAVCWnd@@@Z 004264a0 f   nafxcw:occmgr.obj
 0001:000255bb       ?CreateDlgControl@COccManager@@IAEPAUHWND__@@PAVCWnd@@PAU2@HPAUDLGITEMTEMPLATE@@GPAEK@Z 004265bb f   nafxcw:occmgr.obj
 0001:00025886       ?CreateObject@?$CProcessLocal@VCOccManager@@@@SGPAVCNoTrackObject@@XZ 00426886 f i nafxcw:occmgr.obj
 0001:0002589b       ??_ECOccManager@@UAEPAXI@Z 0042689b f i nafxcw:occmgr.obj
 0001:0002589b       ??_GCOccManager@@UAEPAXI@Z 0042689b f i nafxcw:occmgr.obj
 0001:000258b6       ??_GCListView@@UAEPAXI@Z   004268b6 f i nafxcw:viewcmn.obj
 0001:000258b6       ??_ECListView@@UAEPAXI@Z   004268b6 f i nafxcw:viewcmn.obj
 0001:000258d2       ??1CListView@@UAE@XZ       004268d2 f i nafxcw:viewcmn.obj
 0001:00025907       ??1CPushRoutingFrame@@QAE@XZ 00426907 f i nafxcw:winfrm.obj
 0001:00025913       ??0CPoint@@QAE@K@Z         00426913 f i nafxcw:barcore.obj
 0001:0002592a       ?OnCancelMode@CWnd@@IAEXXZ 0042692a f i nafxcw:barcore.obj
 0001:0002592f       ?OnEraseBkgnd@CWnd@@IAEHPAVCDC@@@Z 0042692f f i nafxcw:barcore.obj
 0001:00025937       ?OnShowWindow@CWnd@@IAEXHI@Z 00426937 f i nafxcw:barcore.obj
 0001:0002593f       ??_GCHandleMap@@UAEPAXI@Z  0042693f f i nafxcw:winhand.obj
 0001:0002593f       ??_ECHandleMap@@UAEPAXI@Z  0042693f f i nafxcw:winhand.obj
 0001:0002595b       ??1CHandleMap@@UAE@XZ      0042695b f i nafxcw:winhand.obj
 0001:000259a3       ??0CFixedAlloc@@QAE@II@Z   004269a3 f   nafxcw:fixalloc.obj
 0001:000259cb       ??1CFixedAlloc@@QAE@XZ     004269cb f   nafxcw:fixalloc.obj
 0001:000259df       ?FreeAll@CFixedAlloc@@QAEXXZ 004269df f   nafxcw:fixalloc.obj
 0001:00025a07       ?Alloc@CFixedAlloc@@QAEPAXXZ 00426a07 f   nafxcw:fixalloc.obj
 0001:00025a96       ?Free@CFixedAlloc@@QAEXPAX@Z 00426a96 f   nafxcw:fixalloc.obj
 0001:00025ac2       ??_ECArchiveException@@UAEPAXI@Z 00426ac2 f i nafxcw:arcex.obj
 0001:00025ac2       ??_GCArchiveException@@UAEPAXI@Z 00426ac2 f i nafxcw:arcex.obj
 0001:00025ade       ??1CArchiveException@@UAE@XZ 00426ade f i nafxcw:arcex.obj
 0001:00025b0a       ?OnEvent@CCmdTarget@@QAEHIPAUAFX_EVENT@@PAUAFX_CMDHANDLERINFO@@@Z 00426b0a f   nafxcw:occevent.obj
 0001:00025d1c       ?GetEventSinkEntry@CCmdTarget@@IAGPBUAFX_EVENTSINKMAP_ENTRY@@IPAUAFX_EVENT@@@Z 00426d1c f   nafxcw:occevent.obj
 0001:00025d91       ?InitControlContainer@CWnd@@IAEHXZ 00426d91 f   nafxcw:occcont.obj
 0001:00025e3a       ?GetInterfaceMap@COleControlContainer@@MBEPBUAFX_INTERFACEMAP@@XZ 00426e3a f   nafxcw:occcont.obj
 0001:00025e40       ?GetDispatchMap@COleControlContainer@@MBEPBUAFX_DISPMAP@@XZ 00426e40 f   nafxcw:occcont.obj
 0001:00025e46       ??0COleControlContainer@@QAE@PAVCWnd@@@Z 00426e46 f   nafxcw:occcont.obj
 0001:00025ea5       ??_GCOleControlContainer@@UAEPAXI@Z 00426ea5 f i nafxcw:occcont.obj
 0001:00025ea5       ??_ECOleControlContainer@@UAEPAXI@Z 00426ea5 f i nafxcw:occcont.obj
 0001:00025ec1       ??1COleControlContainer@@UAE@XZ 00426ec1 f   nafxcw:occcont.obj
 0001:00025f9f       ?CreateControl@COleControlContainer@@QAEHPAVCWnd@@ABU_GUID@@PBDKABUtagRECT@@IPAVCFile@@HPAGPAPAVCOleControlSite@@@Z 00426f9f f   nafxcw:occcont.obj
 0001:00026000       ?CreateControl@COleControlContainer@@QAEHPAVCWnd@@ABU_GUID@@PBDKPBUtagPOINT@@PBUtagSIZE@@IPAVCFile@@HPAGPAPAVCOleControlSite@@@Z 00427000 f   nafxcw:occcont.obj
 0001:000260bb       ?FindItem@COleControlContainer@@UBEPAVCOleControlSite@@I@Z 004270bb f   nafxcw:occcont.obj
 0001:00026105       ?GetAmbientProp@COleControlContainer@@UAEHPAVCOleControlSite@@JPAUtagVARIANT@@@Z 00427105 f   nafxcw:occcont.obj
 0001:0002630d       ?CreateOleFont@COleControlContainer@@QAEXPAVCFont@@@Z 0042730d f   nafxcw:occcont.obj
 0001:00026486       ?FreezeAllEvents@COleControlContainer@@QAEXH@Z 00427486 f   nafxcw:occcont.obj
 0001:000264c7       ?ScrollChildren@COleControlContainer@@UAEXHH@Z 004274c7 f   nafxcw:occcont.obj
 0001:00026521       ?OnUIActivate@COleControlContainer@@UAEXPAVCOleControlSite@@@Z 00427521 f   nafxcw:occcont.obj
 0001:0002653f       ?OnUIDeactivate@COleControlContainer@@UAEXPAVCOleControlSite@@@Z 0042753f f   nafxcw:occcont.obj
 0001:0002654f       ?CheckDlgButton@COleControlContainer@@UAEXHI@Z 0042754f f   nafxcw:occcont.obj
 0001:0002658c       ?CheckRadioButton@COleControlContainer@@UAEXHHH@Z 0042758c f   nafxcw:occcont.obj
 0001:000265b4       ?GetDlgItem@COleControlContainer@@UBEPAVCWnd@@H@Z 004275b4 f   nafxcw:occcont.obj
 0001:000265cf       ?GetDlgItem@COleControlContainer@@UBEXHPAPAUHWND__@@@Z 004275cf f   nafxcw:occcont.obj
 0001:0002660b       ?GetDlgItemInt@COleControlContainer@@UBEIHPAHH@Z 0042760b f   nafxcw:occcont.obj
 0001:000266b9       ?GetDlgItemTextA@COleControlContainer@@UBEHHPADH@Z 004276b9 f   nafxcw:occcont.obj
 0001:000266d8       ?SendDlgItemMessageA@COleControlContainer@@UAEJHIIJ@Z 004276d8 f   nafxcw:occcont.obj
 0001:000266fd       ?SetDlgItemInt@COleControlContainer@@UAEXHIH@Z 004276fd f   nafxcw:occcont.obj
 0001:0002673a       ?SetDlgItemTextA@COleControlContainer@@UAEXHPBD@Z 0042773a f   nafxcw:occcont.obj
 0001:00026755       ?IsDlgButtonChecked@COleControlContainer@@UBEIH@Z 00427755 f   nafxcw:occcont.obj
 0001:000267d1       ?QueryInterface@XOleIPFrame@COleControlContainer@@UAGJABU_GUID@@PAPAX@Z 004277d1 f   nafxcw:occcont.obj
 0001:000267e8       ?AddRef@XOleIPFrame@COleControlContainer@@UAGKXZ 004277e8 f   nafxcw:occcont.obj
 0001:000267f9       ?Release@XOleIPFrame@COleControlContainer@@UAGKXZ 004277f9 f   nafxcw:occcont.obj
 0001:00026808       ?GetWindow@XOleIPFrame@COleControlContainer@@UAGJPAPAUHWND__@@@Z 00427808 f   nafxcw:occcont.obj
 0001:0002681d       ?RequestBorderSpace@XOleIPFrame@COleControlContainer@@UAGJPBUtagRECT@@@Z 0042781d f   nafxcw:occcont.obj
 0001:0002681d       ?GetTypeInfoCount@XAmbientProps@COleControlSite@@UAGJPAI@Z 0042781d f   nafxcw:occcont.obj
 0001:0002681d       ?RemoveMenus@XOleIPFrame@COleControlContainer@@UAGJPAUHMENU__@@@Z 0042781d f   nafxcw:occcont.obj
 0001:0002681d       ?SetBorderSpace@XOleIPFrame@COleControlContainer@@UAGJPBUtagRECT@@@Z 0042781d f   nafxcw:occcont.obj
 0001:0002681d       ?ContextSensitiveHelp@XOleIPSite@COleControlSite@@UAGJH@Z 0042781d f   nafxcw:occcont.obj
 0001:0002681d       ?ContextSensitiveHelp@XOleIPFrame@COleControlContainer@@UAGJH@Z 0042781d f   nafxcw:occcont.obj
 0001:0002681d       ?LockInPlaceActive@XOleControlSite@COleControlSite@@UAGJH@Z 0042781d f   nafxcw:occcont.obj
 0001:0002681d       ?GetExtendedControl@XOleControlSite@COleControlSite@@UAGJPAPAUIDispatch@@@Z 0042781d f   nafxcw:occcont.obj
 0001:0002681d       ?GetTypeInfoCount@XEventSink@COleControlSite@@UAGJPAI@Z 0042781d f   nafxcw:occcont.obj
 0001:0002681d       ?GetBorder@XOleIPFrame@COleControlContainer@@UAGJPAUtagRECT@@@Z 0042781d f   nafxcw:occcont.obj
 0001:0002681d       ?LockContainer@XOleContainer@COleControlContainer@@UAGJH@Z 0042781d f   nafxcw:occcont.obj
 0001:0002681d       ?SetStatusText@XOleIPFrame@COleControlContainer@@UAGJPBG@Z 0042781d f   nafxcw:occcont.obj
 0001:00026825       ?SetActiveObject@XOleIPFrame@COleControlContainer@@UAGJPAUIOleInPlaceActiveObject@@PBG@Z 00427825 f   nafxcw:occcont.obj
[...]
 0001:00056cb3       _$E370                     00457cb3 f   nafxcw:app3d.obj
 0001:00056cb4       _$E372                     00457cb4 f   nafxcw:app3d.obj
 0001:00056cc0       _$E371                     00457cc0 f   nafxcw:app3d.obj
 0001:00051d51       _$E366                     00452d51 f   nafxcw:winfrm.obj
 0001:00051d56       _$E365                     00452d56 f   nafxcw:winfrm.obj
 0001:00051d74       _$E369                     00452d74 f   nafxcw:winfrm.obj
 0001:00051d79       _$E368                     00452d79 f   nafxcw:winfrm.obj
 0001:00024f8d       _$E376                     00425f8d f   nafxcw:occmgr.obj
 0001:00024f97       _$E373                     00425f97 f   nafxcw:occmgr.obj
 0001:00024f98       _$E375                     00425f98 f   nafxcw:occmgr.obj
 0001:00024fa4       _$E374                     00425fa4 f   nafxcw:occmgr.obj
 0001:00055f50       _$E368                     00456f50 f   nafxcw:appcore.obj
 0001:00055f5a       _$E365                     00456f5a f   nafxcw:appcore.obj
 0001:00055f5b       _$E367                     00456f5b f   nafxcw:appcore.obj
 0001:00055f67       _$E366                     00456f67 f   nafxcw:appcore.obj
 0001:00055995       _$E371                     00456995 f   nafxcw:winmenu.obj
 0001:0005599f       _$E367                     0045699f f   nafxcw:winmenu.obj
 0001:000559ae       _$E370                     004569ae f   nafxcw:winmenu.obj
 0001:000559ba       _$E368                     004569ba f   nafxcw:winmenu.obj
 0001:00054de7       _$E371                     00455de7 f   nafxcw:winctrl2.obj
 0001:00054df1       _$E367                     00455df1 f   nafxcw:winctrl2.obj
 0001:00054e00       _$E370                     00455e00 f   nafxcw:winctrl2.obj
 0001:00054e0c       _$E368                     00455e0c f   nafxcw:winctrl2.obj
 0001:00054cf7       _$E368                     00455cf7 f   nafxcw:except.obj
 0001:00054d01       _$E365                     00455d01 f   nafxcw:except.obj
 0001:00054d13       _$E367                     00455d13 f   nafxcw:except.obj
 0001:00054d1f       _$E366                     00455d1f f   nafxcw:except.obj
 0001:00054d2f       _$E373                     00455d2f f   nafxcw:except.obj
 0001:00054d39       _$E370                     00455d39 f   nafxcw:except.obj
 0001:00054d4b       _$E372                     00455d4b f   nafxcw:except.obj
 0001:00054d57       _$E371                     00455d57 f   nafxcw:except.obj
 0001:000516e1       _$E366                     004526e1 f   nafxcw:wingdix.obj
 0001:000516e6       _$E365                     004526e6 f   nafxcw:wingdix.obj
 0001:00054aae       _$E372                     00455aae f   nafxcw:wingdi.obj
 0001:00054ab8       _$E369                     00455ab8 f   nafxcw:wingdi.obj
 0001:00054aca       _$E371                     00455aca f   nafxcw:wingdi.obj
 0001:00054ad6       _$E370                     00455ad6 f   nafxcw:wingdi.obj
 0001:00054ae6       _$E377                     00455ae6 f   nafxcw:wingdi.obj
 0001:00054af0       _$E374                     00455af0 f   nafxcw:wingdi.obj
 0001:00054b02       _$E376                     00455b02 f   nafxcw:wingdi.obj
 0001:00054b0e       _$E375                     00455b0e f   nafxcw:wingdi.obj
 0001:00054c41       _$E383                     00455c41 f   nafxcw:wingdi.obj
 0001:00054c4b       _$E379                     00455c4b f   nafxcw:wingdi.obj
 0001:00054c5a       _$E382                     00455c5a f   nafxcw:wingdi.obj
 0001:00054c66       _$E380                     00455c66 f   nafxcw:wingdi.obj
 0001:00054c81       _$E388                     00455c81 f   nafxcw:wingdi.obj
 0001:00054c8b       _$E385                     00455c8b f   nafxcw:wingdi.obj
 0001:00054c9a       _$E387                     00455c9a f   nafxcw:wingdi.obj
 0001:00054ca6       _$E386                     00455ca6 f   nafxcw:wingdi.obj
 0001:000547b6       _$E368                     004557b6 f   nafxcw:afxstate.obj
 0001:000547c0       _$E365                     004557c0 f   nafxcw:afxstate.obj
 0001:000547c1       _$E367                     004557c1 f   nafxcw:afxstate.obj
 0001:000547cd       _$E366                     004557cd f   nafxcw:afxstate.obj
 0001:000549b7       _$E373                     004559b7 f   nafxcw:afxstate.obj
 0001:000549c1       _$E370                     004559c1 f   nafxcw:afxstate.obj
 0001:000549c2       _$E372                     004559c2 f   nafxcw:afxstate.obj
 0001:000549ce       _$E371                     004559ce f   nafxcw:afxstate.obj
 0001:0004518b       _$E368                     0044618b f   nafxcw:strcore.obj
 0001:00045195       _$E365                     00446195 f   nafxcw:strcore.obj
 0001:000451a4       _$E367                     004461a4 f   nafxcw:strcore.obj
 0001:000451b0       _$E366                     004461b0 f   nafxcw:strcore.obj
 0001:000451ba       _$E373                     004461ba f   nafxcw:strcore.obj
 0001:000451c4       _$E370                     004461c4 f   nafxcw:strcore.obj
 0001:000451d6       _$E372                     004461d6 f   nafxcw:strcore.obj
 0001:000451e2       _$E371                     004461e2 f   nafxcw:strcore.obj
 0001:000451ec       _$E378                     004461ec f   nafxcw:strcore.obj
 0001:000451f6       _$E375                     004461f6 f   nafxcw:strcore.obj
 0001:00045208       _$E377                     00446208 f   nafxcw:strcore.obj
 0001:00045214       _$E376                     00446214 f   nafxcw:strcore.obj
 0001:0004521e       _$E383                     0044621e f   nafxcw:strcore.obj
 0001:00045228       _$E380                     00446228 f   nafxcw:strcore.obj
 0001:0004523a       _$E382                     0044623a f   nafxcw:strcore.obj
 0001:00045246       _$E381                     00446246 f   nafxcw:strcore.obj
 0001:000414db       _$E374                     004424db f   nafxcw:wincore.obj
 0001:000414e0       _$E373                     004424e0 f   nafxcw:wincore.obj
 0001:000414f1       _$E380                     004424f1 f   nafxcw:wincore.obj
 0001:000414fb       _$E376                     004424fb f   nafxcw:wincore.obj
 0001:00041508       _$E379                     00442508 f   nafxcw:wincore.obj
 0001:00041514       _$E377                     00442514 f   nafxcw:wincore.obj
 0001:0004152f       _$E385                     0044252f f   nafxcw:wincore.obj
 0001:00041539       _$E382                     00442539 f   nafxcw:wincore.obj
 0001:00041546       _$E384                     00442546 f   nafxcw:wincore.obj
 0001:00041552       _$E383                     00442552 f   nafxcw:wincore.obj
 0001:0004156d       _$E390                     0044256d f   nafxcw:wincore.obj
 0001:00041577       _$E387                     00442577 f   nafxcw:wincore.obj
 0001:00041584       _$E389                     00442584 f   nafxcw:wincore.obj
 0001:00041590       _$E388                     00442590 f   nafxcw:wincore.obj
 0001:000415ab       _$E395                     004425ab f   nafxcw:wincore.obj
 0001:000415b5       _$E392                     004425b5 f   nafxcw:wincore.obj
 0001:000415c2       _$E394                     004425c2 f   nafxcw:wincore.obj
 0001:000415ce       _$E393                     004425ce f   nafxcw:wincore.obj
 0001:00054545       _$E403                     00455545 f   nafxcw:wincore.obj
 0001:0005454f       _$E399                     0045554f f   nafxcw:wincore.obj
 0001:0005455e       _$E402                     0045555e f   nafxcw:wincore.obj
 0001:0005456a       _$E400                     0045556a f   nafxcw:wincore.obj
 0001:0003a5ac       _findenv                   0043b5ac f   LIBCMT:setenv.obj
 0001:0003a604       _copy_environ              0043b604 f   LIBCMT:setenv.obj
 0001:0003a3fa       _strncnt                   0043b3fa f   LIBCMT:a_cmp.obj
 0001:00039b7f       _flsall                    0043ab7f f   LIBCMT:fflush.obj
 0001:00038fe7       _siglookup                 00439fe7 f   LIBCMT:winsig.obj
 0001:000386cf       _x_ismbbtype               004396cf f   LIBCMT:ismbbyte.obj
 0001:00037eeb       __abstract_cw              00438eeb f   LIBCMT:ieee87.obj
 0001:00037f7d       __hw_cw                    00438f7d f   LIBCMT:ieee87.obj
 0001:00037bfb       __get_fname                00438bfb f   LIBCMT:fpexcept.obj
 0001:00036c8c       __tzset_lk                 00437c8c f   LIBCMT:tzset.obj
 0001:00036f34       __isindst_lk               00437f34 f   LIBCMT:tzset.obj
 0001:000370e0       _cvtdate                   004380e0 f   LIBCMT:tzset.obj
 0001:0003683d       _write_char                0043783d f   LIBCMT:output.obj
 0001:00036872       _write_multi_char          00437872 f   LIBCMT:output.obj
 0001:000368a3       _write_string              004378a3 f   LIBCMT:output.obj
 0001:000368db       _get_int_arg               004378db f   LIBCMT:output.obj
 0001:000368e8       _get_int64_arg             004378e8 f   LIBCMT:output.obj
 0001:000368f8       _get_short_arg             004378f8 f   LIBCMT:output.obj
 0001:0003a3fa       _strncnt                   0043b3fa f   LIBCMT:a_cmp.obj
 0001:00033f1a       _parse_cmdline             00434f1a f   LIBCMT:stdargv.obj
 0001:00033d36       _xcptlookup                00434d36 f   LIBCMT:winxfltr.obj
 0001:000337a9       __cftoe2                   004347a9 f   LIBCMT:cvt.obj
 0001:000338c0       __cftof2                   004348c0 f   LIBCMT:cvt.obj
 0001:00033a4b       __shift                    00434a4b f   LIBCMT:cvt.obj
 0001:00032be2       ?FindHandler@@YAXPAUEHExceptionRecord@@PAUEHRegistrationNode@@PAU_CONTEXT@@PAXPBU_s_FuncInfo@@EH1@Z 00433be2 f   LIBCMT:frame.obj
 0001:00032d95       ?FindHandlerForForeignException@@YAXPAUEHExceptionRecord@@PAUEHRegistrationNode@@PAU_CONTEXT@@PAXPBU_s_FuncInfo@@HH1@Z 00433d95 f   LIBCMT:frame.obj
 0001:00032e3f       ?TypeMatch@@YAHPBU_s_HandlerType@@PBU_s_CatchableType@@PBU_s_ThrowInfo@@@Z 00433e3f f   LIBCMT:frame.obj
 0001:00032f3a       ?FrameUnwindFilter@@YAHPAU_EXCEPTION_POINTERS@@@Z 00433f3a f   LIBCMT:frame.obj
 0001:00032f50       ?CatchIt@@YAXPAUEHExceptionRecord@@PAUEHRegistrationNode@@PAU_CONTEXT@@PAXPBU_s_FuncInfo@@PBU_s_HandlerType@@PBU_s_CatchableType@@PBU_s_TryBlockMapEntry@@H1E@Z 00433f50 f   LIBCMT:frame.obj
 0001:00032fcb       ?CallCatchBlock@@YAPAXPAUEHExceptionRecord@@PAUEHRegistrationNode@@PAU_CONTEXT@@PBU_s_FuncInfo@@PAXHK@Z 00433fcb f   LIBCMT:frame.obj
 0001:000330e6       ?ExFilterRethrow@@YAHPAU_EXCEPTION_POINTERS@@@Z 004340e6 f   LIBCMT:frame.obj
 0001:00033110       ?BuildCatchObject@@YAXPAUEHExceptionRecord@@PAUEHRegistrationNode@@PBU_s_HandlerType@@PBU_s_CatchableType@@@Z 00434110 f   LIBCMT:frame.obj
 0001:0003333b       ?AdjustPointer@@YAPAXPAXABUPMD@@@Z 0043433b f   LIBCMT:frame.obj
 0001:00032646       _xtoa                      00433646 f   LIBCMT:xtoa.obj
 0001:0003220a       __threadstartex@4          0043320a f   LIBCMT:threadex.obj
 0001:000320ce       _doexit                    004330ce f   LIBCMT:crt0dat.obj
 0001:00032185       __initterm                 00433185 f   LIBCMT:crt0dat.obj
 0001:00031878       __expandtime               00432878 f   LIBCMT:strftime.obj
 0001:00031c67       __store_str                00432c67 f   LIBCMT:strftime.obj
 0001:00031c8e       __store_num                00432c8e f   LIBCMT:strftime.obj
 0001:00031cfd       __store_number             00432cfd f   LIBCMT:strftime.obj
 0001:00031d46       __store_winword            00432d46 f   LIBCMT:strftime.obj
 0001:0003151c       _getSystemCP               0043251c f   LIBCMT:mbctype.obj
 0001:00031566       _CPtoLCID                  00432566 f   LIBCMT:mbctype.obj
 0001:00031599       _setSBCS                   00432599 f   LIBCMT:mbctype.obj
 0001:000315c2       _setSBUpLow                004325c2 f   LIBCMT:mbctype.obj
 0001:00030e45       __make_time_t              00431e45 f   LIBCMT:mktime.obj
 0001:000304b0       LeadUp1                    004314b0 f   LIBCMT:memmove.obj
 0001:000304dc       LeadUp2                    004314dc f   LIBCMT:memmove.obj
 0001:00030500       LeadUp3                    00431500 f   LIBCMT:memmove.obj
 0001:0003057f       UnwindUp0                  0043157f f   LIBCMT:memmove.obj
 0001:0003056c       UnwindUp1                  0043156c f   LIBCMT:memmove.obj
 0001:00030564       UnwindUp2                  00431564 f   LIBCMT:memmove.obj
 0001:0003055c       UnwindUp3                  0043155c f   LIBCMT:memmove.obj
 0001:00030554       UnwindUp4                  00431554 f   LIBCMT:memmove.obj
 0001:0003054c       UnwindUp5                  0043154c f   LIBCMT:memmove.obj
 0001:00030544       UnwindUp6                  00431544 f   LIBCMT:memmove.obj
 0001:0003053c       UnwindUp7                  0043153c f   LIBCMT:memmove.obj
 0001:00030598       TrailUp0                   00431598 f   LIBCMT:memmove.obj
 0001:000305a0       TrailUp1                   004315a0 f   LIBCMT:memmove.obj
 0001:000305ac       TrailUp2                   004315ac f   LIBCMT:memmove.obj
 0001:000305c0       TrailUp3                   004315c0 f   LIBCMT:memmove.obj
 0001:00030638       LeadDown1                  00431638 f   LIBCMT:memmove.obj
 0001:00030658       LeadDown2                  00431658 f   LIBCMT:memmove.obj
 0001:00030680       LeadDown3                  00431680 f   LIBCMT:memmove.obj
 0001:000306d4       UnwindDown7                004316d4 f   LIBCMT:memmove.obj
 0001:000306dc       UnwindDown6                004316dc f   LIBCMT:memmove.obj
 0001:000306e4       UnwindDown5                004316e4 f   LIBCMT:memmove.obj
 0001:000306ec       UnwindDown4                004316ec f   LIBCMT:memmove.obj
 0001:000306f4       UnwindDown3                004316f4 f   LIBCMT:memmove.obj
 0001:000306fc       UnwindDown2                004316fc f   LIBCMT:memmove.obj
 0001:00030704       UnwindDown1                00431704 f   LIBCMT:memmove.obj
 0001:00030717       UnwindDown0                00431717 f   LIBCMT:memmove.obj
 0001:00030730       TrailDown0                 00431730 f   LIBCMT:memmove.obj
 0001:00030738       TrailDown1                 00431738 f   LIBCMT:memmove.obj
 0001:00030748       TrailDown2                 00431748 f   LIBCMT:memmove.obj
 0001:0003075c       TrailDown3                 0043175c f   LIBCMT:memmove.obj
 0001:000301ff       _strtoxl                   004311ff f   LIBCMT:strtol.obj
 0001:0002fd50       LeadUp1                    00430d50 f   LIBCMT:memcpy.obj
 0001:0002fd7c       LeadUp2                    00430d7c f   LIBCMT:memcpy.obj
 0001:0002fda0       LeadUp3                    00430da0 f   LIBCMT:memcpy.obj
 0001:0002fe1f       UnwindUp0                  00430e1f f   LIBCMT:memcpy.obj
 0001:0002fe0c       UnwindUp1                  00430e0c f   LIBCMT:memcpy.obj
 0001:0002fe04       UnwindUp2                  00430e04 f   LIBCMT:memcpy.obj
 0001:0002fdfc       UnwindUp3                  00430dfc f   LIBCMT:memcpy.obj
 0001:0002fdf4       UnwindUp4                  00430df4 f   LIBCMT:memcpy.obj
 0001:0002fdec       UnwindUp5                  00430dec f   LIBCMT:memcpy.obj
 0001:0002fde4       UnwindUp6                  00430de4 f   LIBCMT:memcpy.obj
 0001:0002fddc       UnwindUp7                  00430ddc f   LIBCMT:memcpy.obj
 0001:0002fe38       TrailUp0                   00430e38 f   LIBCMT:memcpy.obj
 0001:0002fe40       TrailUp1                   00430e40 f   LIBCMT:memcpy.obj
 0001:0002fe4c       TrailUp2                   00430e4c f   LIBCMT:memcpy.obj
 0001:0002fe60       TrailUp3                   00430e60 f   LIBCMT:memcpy.obj
 0001:0002fed8       LeadDown1                  00430ed8 f   LIBCMT:memcpy.obj
 0001:0002fef8       LeadDown2                  00430ef8 f   LIBCMT:memcpy.obj
 0001:0002ff20       LeadDown3                  00430f20 f   LIBCMT:memcpy.obj
 0001:0002ff74       UnwindDown7                00430f74 f   LIBCMT:memcpy.obj
 0001:0002ff7c       UnwindDown6                00430f7c f   LIBCMT:memcpy.obj
 0001:0002ff84       UnwindDown5                00430f84 f   LIBCMT:memcpy.obj
 0001:0002ff8c       UnwindDown4                00430f8c f   LIBCMT:memcpy.obj
 0001:0002ff94       UnwindDown3                00430f94 f   LIBCMT:memcpy.obj
 0001:0002ff9c       UnwindDown2                00430f9c f   LIBCMT:memcpy.obj
 0001:0002ffa4       UnwindDown1                00430fa4 f   LIBCMT:memcpy.obj
 0001:0002ffb7       UnwindDown0                00430fb7 f   LIBCMT:memcpy.obj
 0001:0002ffd0       TrailDown0                 00430fd0 f   LIBCMT:memcpy.obj
 0001:0002ffd8       TrailDown1                 00430fd8 f   LIBCMT:memcpy.obj
 0001:0002ffe8       TrailDown2                 00430fe8 f   LIBCMT:memcpy.obj
 0001:0002fffc       TrailDown3                 00430ffc f   LIBCMT:memcpy.obj
 0001:0002f776       _fast_error_exit           00430776 f   LIBCMT:wincrt0.obj
 0001:00032f3a       ?ArrayUnwindFilter@@YAHPAU_EXCEPTION_POINTERS@@@Z 00433f3a f   LIBCMT:frame.obj
 0001:0002f038       _gu_return                 00430038 f   LIBCMT:exsup.obj
 0001:0002f040       __unwind_handler           00430040 f   LIBCMT:exsup.obj
 0001:0002ee55       ?CatchGuardHandler@@YA?AW4_EXCEPTION_DISPOSITION@@PAUEHExceptionRecord@@PAUCatchGuardRN@@PAX2@Z 0042fe55 f   LIBCMT:trnsctrl.obj
 0001:0002ef30       ?TranslatorGuardHandler@@YA?AW4_EXCEPTION_DISPOSITION@@PAUEHExceptionRecord@@PAUTranslatorGuardRN@@PAX2@Z 0042ff30 f   LIBCMT:trnsctrl.obj
 0001:0003a780       _LpfnGetDefWndProcNull     0043b780 f   ctl3d32s:CTL3D.OBJ
 0001:0003a7a0       _LpfnGetDefWndProc         0043b7a0 f   ctl3d32s:CTL3D.OBJ
 0001:0003a7f0       _SubclassWindow            0043b7f0 f   ctl3d32s:CTL3D.OBJ
 0001:0003a990       _HookSubclassWindow        0043b990 f   ctl3d32s:CTL3D.OBJ
 0001:0003a9d0       _CleanupSubclass           0043b9d0 f   ctl3d32s:CTL3D.OBJ
 0001:0003aa30       _DeleteObjectNull          0043ba30 f   ctl3d32s:CTL3D.OBJ
 0001:0003aa50       _DeleteObjects             0043ba50 f   ctl3d32s:CTL3D.OBJ
 0001:0003aa80       _PatFill                   0043ba80 f   ctl3d32s:CTL3D.OBJ
 0001:0003aab0       _DrawRec3d                 0043bab0 f   ctl3d32s:CTL3D.OBJ
 0001:0003abf0       _DrawInsetRect3d           0043bbf0 f   ctl3d32s:CTL3D.OBJ
 0001:0003ac60       _ClipCtlDc                 0043bc60 f   ctl3d32s:CTL3D.OBJ
 0001:0003aca0       _MyGetTextExtent           0043bca0 f   ctl3d32s:CTL3D.OBJ
 0001:0003b270       _CheckChildSubclass        0043c270 f   ctl3d32s:CTL3D.OBJ
 0001:0003b4d0       _Ctl3dDlgFramePaintI@20    0043c4d0 f   ctl3d32s:CTL3D.OBJ
 0001:0003b820       _FInit3dDialogs            0043c820 f   ctl3d32s:CTL3D.OBJ
 0001:0003ba10       _End3dDialogs              0043ca10 f   ctl3d32s:CTL3D.OBJ
 0001:0003baf0       _InternalCtl3dColorChange  0043caf0 f   ctl3d32s:CTL3D.OBJ
 0001:0003bfb0       _DoesChildNeedSubclass     0043cfb0 f   ctl3d32s:CTL3D.OBJ
 0001:0003c1a0       _FBtn                      0043d1a0 f   ctl3d32s:CTL3D.OBJ
 0001:0003c1d0       _FEdit                     0043d1d0 f   ctl3d32s:CTL3D.OBJ
 0001:0003c1d0       _FList                     0043d1d0 f   ctl3d32s:CTL3D.OBJ
 0001:0003c220       _FComboList                0043d220 f   ctl3d32s:CTL3D.OBJ
 0001:0003c260       _FCombo                    0043d260 f   ctl3d32s:CTL3D.OBJ
 0001:0003c330       _FStatic                   0043d330 f   ctl3d32s:CTL3D.OBJ
 0001:0003c380       _DoSubclassCtl             0043d380 f   ctl3d32s:CTL3D.OBJ
 0001:0003c470       _Inval3dCtl                0043d470 f   ctl3d32s:CTL3D.OBJ
 0001:0003c530       _Val3dCtl                  0043d530 f   ctl3d32s:CTL3D.OBJ
 0001:0003c5a0       _DrawPushButton            0043d5a0 f   ctl3d32s:CTL3D.OBJ
 0001:0003c8e0       _BtnPaint                  0043d8e0 f   ctl3d32s:CTL3D.OBJ

 1969 bytes saved through ICF

